Component: ARM Compiler 5.05 update 1 (build 106) Tool: armlink [4d0efa]

==============================================================================

Section Cross References

    startup_stm32f4xx.o(STACK) refers (Special) to heapauxi.o(.text) for __use_two_region_memory
    startup_stm32f4xx.o(HEAP) refers (Special) to heapauxi.o(.text) for __use_two_region_memory
    startup_stm32f4xx.o(RESET) refers (Special) to heapauxi.o(.text) for __use_two_region_memory
    startup_stm32f4xx.o(RESET) refers to startup_stm32f4xx.o(STACK) for __initial_sp
    startup_stm32f4xx.o(RESET) refers to startup_stm32f4xx.o(.text) for Reset_Handler
    startup_stm32f4xx.o(RESET) refers to stm32f4xx_it.o(.text) for NMI_Handler
    startup_stm32f4xx.o(RESET) refers to dingke_wdg.o(.text) for WWDG_IRQHandler
    startup_stm32f4xx.o(RESET) refers to dingke_exti.o(.text) for EXTI0_IRQHandler
    startup_stm32f4xx.o(RESET) refers to dingke_timer.o(.text) for TIM2_IRQHandler
    startup_stm32f4xx.o(RESET) refers to dingke_uart.o(.text) for USART1_IRQHandler
    startup_stm32f4xx.o(.text) refers (Special) to heapauxi.o(.text) for __use_two_region_memory
    startup_stm32f4xx.o(.text) refers to system_stm32f4xx.o(.text) for SystemInit
    startup_stm32f4xx.o(.text) refers to __main.o(!!!main) for __main
    startup_stm32f4xx.o(.text) refers to startup_stm32f4xx.o(HEAP) for Heap_Mem
    startup_stm32f4xx.o(.text) refers to startup_stm32f4xx.o(STACK) for Stack_Mem
    system_stm32f4xx.o(.text) refers to system_stm32f4xx.o(.data) for .data
    maincpp01.o(.text) refers to btest_allsensors_v3.o(.text) for setup
    maincpp01.o(.ARM.exidx) refers to maincpp01.o(.text) for .text
    btest_allsensors_v3.o(.text) refers to _printf_percent.o(.ARM.Collect$$_printf_percent$$00000000) for _printf_percent
    btest_allsensors_v3.o(.text) refers to _printf_d.o(.ARM.Collect$$_printf_percent$$00000009) for _printf_d
    btest_allsensors_v3.o(.text) refers to _printf_dec.o(.text) for _printf_int_dec
    btest_allsensors_v3.o(.text) refers to _printf_x.o(.ARM.Collect$$_printf_percent$$0000000C) for _printf_x
    btest_allsensors_v3.o(.text) refers to _printf_hex_int.o(.text) for _printf_longlong_hex
    btest_allsensors_v3.o(.text) refers to calloc.o(.text) for calloc
    btest_allsensors_v3.o(.text) refers to waspxbeecore.o(.text) for WaspXBeeCore::setOriginParams(strpacketXBee*, const char*, unsigned char)
    btest_allsensors_v3.o(.text) refers to noretval__2printf.o(.text) for __2printf
    btest_allsensors_v3.o(.text) refers to h1_free.o(.text) for free
    btest_allsensors_v3.o(.text) refers to dingke_delay.o(.text) for delay_ms
    btest_allsensors_v3.o(.text) refers to stm32f4xx_rcc.o(.text) for RCC_AHB1PeriphClockCmd
    btest_allsensors_v3.o(.text) refers to stm32f4xx_gpio.o(.text) for GPIO_Init
    btest_allsensors_v3.o(.text) refers to waspxbee802.o(.text) for WaspXBee802::init(unsigned char, unsigned char, unsigned char)
    btest_allsensors_v3.o(.text) refers to dingke_uart.o(.text) for monitor_offuart3RX
    btest_allsensors_v3.o(.text) refers to rand.o(.text) for srand
    btest_allsensors_v3.o(.text) refers to rand.o(.emb_text) for rand
    btest_allsensors_v3.o(.text) refers to dflt_clz.o(x$fpl$dflt) for __aeabi_i2d
    btest_allsensors_v3.o(.text) refers to dmul.o(x$fpl$dmul) for __aeabi_dmul
    btest_allsensors_v3.o(.text) refers to dflt_clz.o(x$fpl$dfltu) for __aeabi_ui2d
    btest_allsensors_v3.o(.text) refers to dfix.o(x$fpl$dfix) for __aeabi_d2iz
    btest_allsensors_v3.o(.text) refers to noretval__2sprintf.o(.text) for __2sprintf
    btest_allsensors_v3.o(.text) refers to wasputils.o(.text) for WaspUtils::float2String(float, char*, int)
    btest_allsensors_v3.o(.text) refers to btest_allsensors_v3.o(.data) for .data
    btest_allsensors_v3.o(.text) refers to waspxbee802.o(.bss) for xbee802
    btest_allsensors_v3.o(.text) refers to btest_allsensors_v3.o(.bss) for .bss
    btest_allsensors_v3.o(.text) refers to wasputils.o(.data) for Utils
    btest_allsensors_v3.o(.text) refers to dingke_smbus.o(.text) for readMlx90614AmbientTemp
    btest_allsensors_v3.o(.text) refers to sqrtf.o(i.__hardfp_sqrtf) for __hardfp_sqrtf
    btest_allsensors_v3.o(.text) refers to dingke_sysclkchange.o(.text) for SysPreparePara
    btest_allsensors_v3.o(.text) refers to dingke_wdg.o(.text) for IWDG_Init
    btest_allsensors_v3.o(.text) refers to dingke_sysclkchange.o(.data) for SysClkWasp
    btest_allsensors_v3.o(.ARM.exidx) refers to btest_allsensors_v3.o(.text) for .text
    stm32f4xx_it.o(.text) refers to sdio_sd.o(.text) for SD_ProcessIRQSrc
    stm32f4xx_it.o(.text) refers to system_stm32f4xx.o(.text) for SystemInit
    stm32f4xx_it.o(.text) refers to usb_core.o(.text) for USB_OTG_UngateClock
    stm32f4xx_it.o(.text) refers to stm32f4xx_exti.o(.text) for EXTI_ClearITPendingBit
    stm32f4xx_it.o(.text) refers to usb_dcd_int.o(.text) for USBD_OTG_ISR_Handler
[...]
    TIM3_IRQHandler                          0x08009a23   Thumb Code    40  dingke_timer.o(.text)
    millis                                   0x08009a4b   Thumb Code     6  dingke_timer.o(.text)
    delay                                    0x08009a51   Thumb Code    14  dingke_timer.o(.text)
    Timer2_Init                              0x08009a5f   Thumb Code   214  dingke_timer.o(.text)
    TIM2_IRQHandler                          0x08009b35   Thumb Code    38  dingke_timer.o(.text)
    beginSerial                              0x08009b75   Thumb Code   580  dingke_uart.o(.text)
    chooseuartinterrupt                      0x08009db9   Thumb Code    92  dingke_uart.o(.text)
    monitor_onuart3TX                        0x08009e15   Thumb Code    58  dingke_uart.o(.text)
    monitor_onuart3RX                        0x08009e4f   Thumb Code    58  dingke_uart.o(.text)
    monitor_offuart3TX                       0x08009e89   Thumb Code    58  dingke_uart.o(.text)
    monitor_offuart3RX                       0x08009ec3   Thumb Code    58  dingke_uart.o(.text)
    monitor_on                               0x08009efd   Thumb Code   110  dingke_uart.o(.text)
    Xbee_poweron                             0x08009f6b   Thumb Code    86  dingke_uart.o(.text)
    Xbee_poweroff                            0x08009fc1   Thumb Code    58  dingke_uart.o(.text)
    Mux_poweron                              0x08009ffb   Thumb Code    58  dingke_uart.o(.text)
    Mux_poweroff                             0x0800a035   Thumb Code    58  dingke_uart.o(.text)
    muluart6init                             0x0800a06f   Thumb Code    48  dingke_uart.o(.text)
    muluart6choose                           0x0800a09f   Thumb Code    82  dingke_uart.o(.text)
    closexbeepwr                             0x0800a0f1   Thumb Code    12  dingke_uart.o(.text)
    beginxbee                                0x0800a0fd   Thumb Code    32  dingke_uart.o(.text)
    closeSerial                              0x0800a11d   Thumb Code    54  dingke_uart.o(.text)
    serialWrite                              0x0800a153   Thumb Code    72  dingke_uart.o(.text)
    serialAvailable                          0x0800a19b   Thumb Code    86  dingke_uart.o(.text)
    serialRead                               0x0800a1f1   Thumb Code   148  dingke_uart.o(.text)
    serialPreRx80Available                   0x0800a285   Thumb Code    24  dingke_uart.o(.text)
    serialPreRx80Read                        0x0800a29d   Thumb Code    40  dingke_uart.o(.text)
    handle1msprerx80                         0x0800a2c5   Thumb Code   220  dingke_uart.o(.text)
    serialRx80Available                      0x0800a3a1   Thumb Code    26  dingke_uart.o(.text)
    serialRx80Read                           0x0800a3bb   Thumb Code    88  dingke_uart.o(.text)
    serialReadstr                            0x0800a413   Thumb Code    34  dingke_uart.o(.text)
    serialFlush                              0x0800a435   Thumb Code    44  dingke_uart.o(.text)
    printByte                                0x0800a461   Thumb Code     2  dingke_uart.o(.text)
    USART3_IRQHandler                        0x0800a463   Thumb Code   120  dingke_uart.o(.text)
    printString                              0x0800a4db   Thumb Code    32  dingke_uart.o(.text)
    uartsendstr                              0x0800a4fb   Thumb Code    68  dingke_uart.o(.text)
    serialWritestr                           0x0800a53f   Thumb Code     2  dingke_uart.o(.text)
    USART1_IRQHandler                        0x0800a541   Thumb Code   122  dingke_uart.o(.text)
    USART2_IRQHandler                        0x0800a5bb   Thumb Code   128  dingke_uart.o(.text)
    USART6_IRQHandler                        0x0800a63b   Thumb Code   128  dingke_uart.o(.text)
    printIntegerInBase                       0x0800a6bb   Thumb Code   130  dingke_uart.o(.text)
    beginMb7076                              0x0800a73d   Thumb Code    72  dingke_uart.o(.text)
    readMb7076                               0x0800a785   Thumb Code   376  dingke_uart.o(.text)
    SMBusSDA_OUT                             0x0800a911   Thumb Code    48  dingke_smbus.o(.text)
    SMBusSDA_IN                              0x0800a941   Thumb Code    46  dingke_smbus.o(.text)
    SMBus_poweron                            0x0800a96f   Thumb Code    56  dingke_smbus.o(.text)
    SMBus_Init                               0x0800a9a7   Thumb Code    70  dingke_smbus.o(.text)
    SMBus_Apply                              0x0800a9ed   Thumb Code    34  dingke_smbus.o(.text)
    send_bit                                 0x0800aa0f   Thumb Code    70  dingke_smbus.o(.text)
    receive_bit                              0x0800aa55   Thumb Code    66  dingke_smbus.o(.text)
    RX_byte                                  0x0800aa97   Thumb Code    50  dingke_smbus.o(.text)
    TX_byte                                  0x0800aac9   Thumb Code    34  dingke_smbus.o(.text)
    slave_ack                                0x0800aaeb   Thumb Code    64  dingke_smbus.o(.text)
    PEC_cal                                  0x0800ab2b   Thumb Code   206  dingke_smbus.o(.text)
    start_bit                                0x0800abf9   Thumb Code    74  dingke_smbus.o(.text)
    stop_bit                                 0x0800ac43   Thumb Code    68  dingke_smbus.o(.text)
    ACKaddress                               0x0800ac87   Thumb Code    44  dingke_smbus.o(.text)
    MEM_READ1                                0x0800acb3   Thumb Code   198  dingke_smbus.o(.text)
    MEM_WRITE1                               0x0800ad79   Thumb Code   130  dingke_smbus.o(.text)
    readMlx90614Subadd                       0x0800adfb   Thumb Code    40  dingke_smbus.o(.text)
    changeMlx90614Subadd                     0x0800ae23   Thumb Code    38  dingke_smbus.o(.text)
    readMlx90614AmbientTemp                  0x0800ae71   Thumb Code    72  dingke_smbus.o(.text)
    readMlx90614ObjectTemp                   0x0800aeb9   Thumb Code    62  dingke_smbus.o(.text)
    i2cOn                                    0x0800af11   Thumb Code    54  dingke_i2c.o(.text)
    i2cOff                                   0x0800af47   Thumb Code    54  dingke_i2c.o(.text)
    i2cInit                                  0x0800af7d   Thumb Code    90  dingke_i2c.o(.text)
    i2cStart                                 0x0800afd7   Thumb Code    72  dingke_i2c.o(.text)
    i2cStop                                  0x0800b01f   Thumb Code    78  dingke_i2c.o(.text)
    i2cWait_Ack                              0x0800b06d   Thumb Code   114  dingke_i2c.o(.text)
    i2cAck                                   0x0800b0df   Thumb Code    72  dingke_i2c.o(.text)
    i2cNAck                                  0x0800b127   Thumb Code    72  dingke_i2c.o(.text)
    i2cSend_Byte                             0x0800b16f   Thumb Code   106  dingke_i2c.o(.text)
    IICSendByteAck                           0x0800b1d9   Thumb Code    20  dingke_i2c.o(.text)
    i2cRead_Byte                             0x0800b1ed   Thumb Code   106  dingke_i2c.o(.text)
    writeprotection                          0x0800b257   Thumb Code    20  dingke_i2c.o(.text)
    softwarereset                            0x0800b26b   Thumb Code    18  dingke_i2c.o(.text)
    readExternalRTC                          0x0800b27d   Thumb Code    62  dingke_i2c.o(.text)
    writeExternalRTC                         0x0800b2bb   Thumb Code    60  dingke_i2c.o(.text)
    bcdtobyte                                0x0800b2f7   Thumb Code    30  dingke_i2c.o(.text)
    bytetobcd                                0x0800b315   Thumb Code    28  dingke_i2c.o(.text)
    getExternalTimestamp                     0x0800b331   Thumb Code     2  dingke_i2c.o(.text)
    getExternalTime                          0x0800b333   Thumb Code    84  dingke_i2c.o(.text)
    setExternalTime                          0x0800b387   Thumb Code    96  dingke_i2c.o(.text)
    setExternalTimeStr                       0x0800b3e7   Thumb Code   222  dingke_i2c.o(.text)
    setExternalAlarm1                        0x0800b4c5   Thumb Code   296  dingke_i2c.o(.text)
    clearExternalAlarm1                      0x0800b5ed   Thumb Code    38  dingke_i2c.o(.text)
    offExternalAlarm1                        0x0800b613   Thumb Code    38  dingke_i2c.o(.text)
    onExternalAlarm1                         0x0800b639   Thumb Code    40  dingke_i2c.o(.text)
    setExternalAlarm1AsAwake                 0x0800b661   Thumb Code     2  dingke_i2c.o(.text)
    readEeprom                               0x0800b663   Thumb Code    82  dingke_i2c.o(.text)
    writeEeprom                              0x0800b6b5   Thumb Code    74  dingke_i2c.o(.text)
    readDS2745                               0x0800b6ff   Thumb Code   110  dingke_i2c.o(.text)
    writeDS2745                              0x0800b76d   Thumb Code    54  dingke_i2c.o(.text)
    SPI_poweron                              0x0800b7a5   Thumb Code    54  dingke_spi.o(.text)
    SPI2_Init                                0x0800b7db   Thumb Code    84  dingke_spi.o(.text)
    FLASH_SPI_Init                           0x0800b82f   Thumb Code    60  dingke_spi.o(.text)
    CSPin_init                               0x0800b86b   Thumb Code   144  dingke_spi.o(.text)
    SPI2_RWByte                              0x0800b8fb   Thumb Code    28  dingke_spi.o(.text)
    initPwr                                  0x0800b92d   Thumb Code   380  dingke_pwr.o(.text)
    initAllPwr                               0x0800baa9   Thumb Code     6  dingke_pwr.o(.text)
    setPwr                                   0x0800baaf   Thumb Code   294  dingke_pwr.o(.text)
    offAllPwr                                0x0800bbd5   Thumb Code     8  dingke_pwr.o(.text)
    onAllPwr                                 0x0800bbdd   Thumb Code     8  dingke_pwr.o(.text)
    GPIO_def                                 0x0800bbf5   Thumb Code    98  dingke_exti.o(.text)
    exti_def                                 0x0800bc57   Thumb Code   108  dingke_exti.o(.text)
    NIVC_def                                 0x0800bcc3   Thumb Code    90  dingke_exti.o(.text)
    setPowerEnoughAsAwake                    0x0800bd1d   Thumb Code   102  dingke_exti.o(.text)
    EXTI0_IRQHandler                         0x0800bd83   Thumb Code    12  dingke_exti.o(.text)
    EXTI1_IRQHandler                         0x0800bd8f   Thumb Code    12  dingke_exti.o(.text)
    EXTI15_10_IRQHandler                     0x0800bd9b   Thumb Code    16  dingke_exti.o(.text)
    delay_ms                                 0x0800bde7   Thumb Code    54  dingke_delay.o(.text)
    delay_us                                 0x0800be1d   Thumb Code    56  dingke_delay.o(.text)
    fputc                                    0x0800be71   Thumb Code    14  dingke_retarget.o(.text)
    fgetc                                    0x0800be7f   Thumb Code    18  dingke_retarget.o(.text)
    fclose                                   0x0800be91   Thumb Code     4  dingke_retarget.o(.text)
    ferror                                   0x0800be95   Thumb Code     6  dingke_retarget.o(.text)
    fseek                                    0x0800be9b   Thumb Code     4  dingke_retarget.o(.text)
    fflush                                   0x0800be9f   Thumb Code     4  dingke_retarget.o(.text)
    _ttywrch                                 0x0800bea3   Thumb Code     8  dingke_retarget.o(.text)
    _sys_exit                                0x0800beab   Thumb Code     2  dingke_retarget.o(.text)
    SysChsngeDelay                           0x0800beb1   Thumb Code     6  dingke_sysclkchange.o(.text)
    SysPreparePara                           0x0800beb7   Thumb Code   182  dingke_sysclkchange.o(.text)
    zppSystemInit                            0x0800c02f   Thumb Code    60  dingke_sysclkchange.o(.text)
    WWDG_NVIC_Init                           0x0800c0a5   Thumb Code    28  dingke_wdg.o(.text)
    IWDG_Init                                0x0800c0c1   Thumb Code    38  dingke_wdg.o(.text)
    IWDG_Feed                                0x0800c0e7   Thumb Code     4  dingke_wdg.o(.text)
    WWDG_Init                                0x0800c0eb   Thumb Code    50  dingke_wdg.o(.text)
    WWDG_Set_Counter                         0x0800c11d   Thumb Code     4  dingke_wdg.o(.text)
    WWDG_IRQHandler                          0x0800c121   Thumb Code    16  dingke_wdg.o(.text)
    WWDG_DeInit                              0x0800c131   Thumb Code    24  stm32f4xx_wwdg.o(.text)
    WWDG_SetPrescaler                        0x0800c149   Thumb Code    14  stm32f4xx_wwdg.o(.text)
    WWDG_SetWindowValue                      0x0800c157   Thumb Code    22  stm32f4xx_wwdg.o(.text)
    WWDG_EnableIT                            0x0800c16d   Thumb Code    10  stm32f4xx_wwdg.o(.text)
    WWDG_SetCounter                          0x0800c177   Thumb Code    12  stm32f4xx_wwdg.o(.text)
    WWDG_Enable                              0x0800c183   Thumb Code    12  stm32f4xx_wwdg.o(.text)
    WWDG_GetFlagStatus                       0x0800c18f   Thumb Code    16  stm32f4xx_wwdg.o(.text)
    WWDG_ClearFlag                           0x0800c19f   Thumb Code    10  stm32f4xx_wwdg.o(.text)
    RCC_DeInit                               0x0800c1b1   Thumb Code    48  stm32f4xx_rcc.o(.text)
    RCC_HSEConfig                            0x0800c1e1   Thumb Code    12  stm32f4xx_rcc.o(.text)
    RCC_GetFlagStatus                        0x0800c1ed   Thumb Code    46  stm32f4xx_rcc.o(.text)
    RCC_WaitForHSEStartUp                    0x0800c21b   Thumb Code    44  stm32f4xx_rcc.o(.text)
    RCC_AdjustHSICalibrationValue            0x0800c247   Thumb Code    16  stm32f4xx_rcc.o(.text)
    RCC_HSICmd                               0x0800c257   Thumb Code     6  stm32f4xx_rcc.o(.text)
    RCC_LSEConfig                            0x0800c25d   Thumb Code    24  stm32f4xx_rcc.o(.text)
    RCC_LSICmd                               0x0800c275   Thumb Code     6  stm32f4xx_rcc.o(.text)
    RCC_PLLConfig                            0x0800c27b   Thumb Code    32  stm32f4xx_rcc.o(.text)
    RCC_PLLCmd                               0x0800c29b   Thumb Code     6  stm32f4xx_rcc.o(.text)
    RCC_PLLI2SConfig                         0x0800c2a1   Thumb Code    14  stm32f4xx_rcc.o(.text)
    RCC_PLLI2SCmd                            0x0800c2af   Thumb Code     6  stm32f4xx_rcc.o(.text)
    RCC_ClockSecuritySystemCmd               0x0800c2b5   Thumb Code     6  stm32f4xx_rcc.o(.text)
    RCC_MCO1Config                           0x0800c2bb   Thumb Code    18  stm32f4xx_rcc.o(.text)
    RCC_MCO2Config                           0x0800c2cd   Thumb Code    18  stm32f4xx_rcc.o(.text)
    RCC_SYSCLKConfig                         0x0800c2df   Thumb Code    16  stm32f4xx_rcc.o(.text)
    RCC_GetSYSCLKSource                      0x0800c2ef   Thumb Code    12  stm32f4xx_rcc.o(.text)
    RCC_HCLKConfig                           0x0800c2fb   Thumb Code    16  stm32f4xx_rcc.o(.text)
    RCC_PCLK1Config                          0x0800c30b   Thumb Code    16  stm32f4xx_rcc.o(.text)
    RCC_PCLK2Config                          0x0800c31b   Thumb Code    18  stm32f4xx_rcc.o(.text)
    RCC_GetClocksFreq                        0x0800c32d   Thumb Code   134  stm32f4xx_rcc.o(.text)
    RCC_RTCCLKConfig                         0x0800c3b3   Thumb Code    42  stm32f4xx_rcc.o(.text)
    RCC_RTCCLKCmd                            0x0800c3dd   Thumb Code     8  stm32f4xx_rcc.o(.text)
    RCC_BackupResetCmd                       0x0800c3e5   Thumb Code     8  stm32f4xx_rcc.o(.text)
    RCC_I2SCLKConfig                         0x0800c3ed   Thumb Code     8  stm32f4xx_rcc.o(.text)
    RCC_AHB1PeriphClockCmd                   0x0800c3f5   Thumb Code    20  stm32f4xx_rcc.o(.text)
    RCC_AHB2PeriphClockCmd                   0x0800c409   Thumb Code    20  stm32f4xx_rcc.o(.text)
    RCC_AHB3PeriphClockCmd                   0x0800c41d   Thumb Code    20  stm32f4xx_rcc.o(.text)
    RCC_APB1PeriphClockCmd                   0x0800c431   Thumb Code    20  stm32f4xx_rcc.o(.text)
    RCC_APB2PeriphClockCmd                   0x0800c445   Thumb Code    20  stm32f4xx_rcc.o(.text)
    RCC_AHB1PeriphResetCmd                   0x0800c459   Thumb Code    20  stm32f4xx_rcc.o(.text)
    RCC_AHB2PeriphResetCmd                   0x0800c46d   Thumb Code    20  stm32f4xx_rcc.o(.text)
    RCC_AHB3PeriphResetCmd                   0x0800c481   Thumb Code    20  stm32f4xx_rcc.o(.text)
    RCC_APB1PeriphResetCmd                   0x0800c495   Thumb Code    20  stm32f4xx_rcc.o(.text)
    RCC_APB2PeriphResetCmd                   0x0800c4a9   Thumb Code    20  stm32f4xx_rcc.o(.text)
    RCC_AHB1PeriphClockLPModeCmd             0x0800c4bd   Thumb Code    20  stm32f4xx_rcc.o(.text)
    RCC_AHB2PeriphClockLPModeCmd             0x0800c4d1   Thumb Code    20  stm32f4xx_rcc.o(.text)
    RCC_AHB3PeriphClockLPModeCmd             0x0800c4e5   Thumb Code    20  stm32f4xx_rcc.o(.text)
    RCC_APB1PeriphClockLPModeCmd             0x0800c4f9   Thumb Code    20  stm32f4xx_rcc.o(.text)
    RCC_APB2PeriphClockLPModeCmd             0x0800c50d   Thumb Code    20  stm32f4xx_rcc.o(.text)
    RCC_ITConfig                             0x0800c521   Thumb Code    20  stm32f4xx_rcc.o(.text)
    RCC_ClearFlag                            0x0800c535   Thumb Code    14  stm32f4xx_rcc.o(.text)
    RCC_GetITStatus                          0x0800c543   Thumb Code    18  stm32f4xx_rcc.o(.text)
    RCC_ClearITPendingBit                    0x0800c555   Thumb Code     8  stm32f4xx_rcc.o(.text)
    GPIO_DeInit                              0x0800c581   Thumb Code   192  stm32f4xx_gpio.o(.text)
    GPIO_Init                                0x0800c641   Thumb Code   120  stm32f4xx_gpio.o(.text)
    GPIO_StructInit                          0x0800c6b9   Thumb Code    18  stm32f4xx_gpio.o(.text)
    GPIO_PinLockConfig                       0x0800c6cb   Thumb Code    24  stm32f4xx_gpio.o(.text)
    GPIO_ReadInputDataBit                    0x0800c6e3   Thumb Code    14  stm32f4xx_gpio.o(.text)
    GPIO_ReadInputData                       0x0800c6f1   Thumb Code     6  stm32f4xx_gpio.o(.text)
    GPIO_ReadOutputDataBit                   0x0800c6f7   Thumb Code    14  stm32f4xx_gpio.o(.text)
    GPIO_ReadOutputData                      0x0800c705   Thumb Code     6  stm32f4xx_gpio.o(.text)
    GPIO_SetBits                             0x0800c70b   Thumb Code     4  stm32f4xx_gpio.o(.text)
    GPIO_ResetBits                           0x0800c70f   Thumb Code     4  stm32f4xx_gpio.o(.text)
    GPIO_WriteBit                            0x0800c713   Thumb Code    10  stm32f4xx_gpio.o(.text)
    GPIO_Write                               0x0800c71d   Thumb Code     4  stm32f4xx_gpio.o(.text)
    GPIO_ToggleBits                          0x0800c721   Thumb Code     8  stm32f4xx_gpio.o(.text)
    GPIO_PinAFConfig                         0x0800c729   Thumb Code    32  stm32f4xx_gpio.o(.text)
    USART_DeInit                             0x0800c76d   Thumb Code   114  stm32f4xx_usart.o(.text)
    USART_Init                               0x0800c7df   Thumb Code   164  stm32f4xx_usart.o(.text)
    USART_StructInit                         0x0800c883   Thumb Code    22  stm32f4xx_usart.o(.text)
    USART_ClockInit                          0x0800c899   Thumb Code    28  stm32f4xx_usart.o(.text)
    USART_ClockStructInit                    0x0800c8b5   Thumb Code    12  stm32f4xx_usart.o(.text)
    USART_Cmd                                0x0800c8c1   Thumb Code    20  stm32f4xx_usart.o(.text)
    USART_SetPrescaler                       0x0800c8d5   Thumb Code    16  stm32f4xx_usart.o(.text)
    USART_OverSampling8Cmd                   0x0800c8e5   Thumb Code    20  stm32f4xx_usart.o(.text)
    USART_OneBitMethodCmd                    0x0800c8f9   Thumb Code    20  stm32f4xx_usart.o(.text)
    USART_SendData                           0x0800c90d   Thumb Code     8  stm32f4xx_usart.o(.text)
    USART_ReceiveData                        0x0800c915   Thumb Code     8  stm32f4xx_usart.o(.text)
    USART_SetAddress                         0x0800c91d   Thumb Code    16  stm32f4xx_usart.o(.text)
    USART_ReceiverWakeUpCmd                  0x0800c92d   Thumb Code    20  stm32f4xx_usart.o(.text)
    USART_WakeUpConfig                       0x0800c941   Thumb Code    16  stm32f4xx_usart.o(.text)
    USART_LINBreakDetectLengthConfig         0x0800c951   Thumb Code    16  stm32f4xx_usart.o(.text)
    USART_LINCmd                             0x0800c961   Thumb Code    20  stm32f4xx_usart.o(.text)
    USART_SendBreak                          0x0800c975   Thumb Code    10  stm32f4xx_usart.o(.text)
    USART_HalfDuplexCmd                      0x0800c97f   Thumb Code    20  stm32f4xx_usart.o(.text)
    USART_SetGuardTime                       0x0800c993   Thumb Code    16  stm32f4xx_usart.o(.text)
    USART_SmartCardCmd                       0x0800c9a3   Thumb Code    20  stm32f4xx_usart.o(.text)
    USART_SmartCardNACKCmd                   0x0800c9b7   Thumb Code    20  stm32f4xx_usart.o(.text)
    USART_IrDAConfig                         0x0800c9cb   Thumb Code    16  stm32f4xx_usart.o(.text)
    USART_IrDACmd                            0x0800c9db   Thumb Code    20  stm32f4xx_usart.o(.text)
    USART_DMACmd                             0x0800c9ef   Thumb Code    16  stm32f4xx_usart.o(.text)
    USART_ITConfig                           0x0800c9ff   Thumb Code    48  stm32f4xx_usart.o(.text)
    USART_GetFlagStatus                      0x0800ca2f   Thumb Code    14  stm32f4xx_usart.o(.text)
    USART_ClearFlag                          0x0800ca3d   Thumb Code     6  stm32f4xx_usart.o(.text)
    USART_GetITStatus                        0x0800ca43   Thumb Code    62  stm32f4xx_usart.o(.text)
    USART_ClearITPendingBit                  0x0800ca81   Thumb Code    12  stm32f4xx_usart.o(.text)
    NVIC_PriorityGroupConfig                 0x0800caa5   Thumb Code    10  misc.o(.text)
    NVIC_Init                                0x0800caaf   Thumb Code    96  misc.o(.text)
    NVIC_SetVectorTable                      0x0800cb0f   Thumb Code    14  misc.o(.text)
    NVIC_SystemLPConfig                      0x0800cb1d   Thumb Code    20  misc.o(.text)
    SysTick_CLKSourceConfig                  0x0800cb31   Thumb Code    24  misc.o(.text)
    TIM_DeInit                               0x0800cb55   Thumb Code   284  stm32f4xx_tim.o(.text)
    TIM_TimeBaseInit                         0x0800cc71   Thumb Code    96  stm32f4xx_tim.o(.text)
    TIM_TimeBaseStructInit                   0x0800ccd1   Thumb Code    18  stm32f4xx_tim.o(.text)
    TIM_PrescalerConfig                      0x0800cce3   Thumb Code     6  stm32f4xx_tim.o(.text)
    TIM_CounterModeConfig                    0x0800cce9   Thumb Code    12  stm32f4xx_tim.o(.text)
    TIM_SetCounter                           0x0800ccf5   Thumb Code     4  stm32f4xx_tim.o(.text)
    TIM_SetAutoreload                        0x0800ccf9   Thumb Code     4  stm32f4xx_tim.o(.text)
    TIM_GetCounter                           0x0800ccfd   Thumb Code     4  stm32f4xx_tim.o(.text)
    TIM_GetPrescaler                         0x0800cd01   Thumb Code     4  stm32f4xx_tim.o(.text)
    TIM_UpdateDisableConfig                  0x0800cd05   Thumb Code    20  stm32f4xx_tim.o(.text)
    TIM_UpdateRequestConfig                  0x0800cd19   Thumb Code    20  stm32f4xx_tim.o(.text)
    TIM_ARRPreloadConfig                     0x0800cd2d   Thumb Code    20  stm32f4xx_tim.o(.text)
    TIM_SelectOnePulseMode                   0x0800cd41   Thumb Code    16  stm32f4xx_tim.o(.text)
    TIM_SetClockDivision                     0x0800cd51   Thumb Code    16  stm32f4xx_tim.o(.text)
    TIM_Cmd                                  0x0800cd61   Thumb Code    20  stm32f4xx_tim.o(.text)
    TIM_OC1Init                              0x0800cd75   Thumb Code    88  stm32f4xx_tim.o(.text)
    TIM_OC2Init                              0x0800cdcd   Thumb Code   120  stm32f4xx_tim.o(.text)
    TIM_OC3Init                              0x0800ce45   Thumb Code   116  stm32f4xx_tim.o(.text)
    TIM_OC4Init                              0x0800ceb9   Thumb Code    88  stm32f4xx_tim.o(.text)
    TIM_OCStructInit                         0x0800cf11   Thumb Code    20  stm32f4xx_tim.o(.text)
    TIM_SelectOCxM                           0x0800cf25   Thumb Code   130  stm32f4xx_tim.o(.text)
    TIM_SetCompare1                          0x0800cfa7   Thumb Code     4  stm32f4xx_tim.o(.text)
    TIM_SetCompare2                          0x0800cfab   Thumb Code     4  stm32f4xx_tim.o(.text)
    TIM_SetCompare3                          0x0800cfaf   Thumb Code     4  stm32f4xx_tim.o(.text)
    TIM_SetCompare4                          0x0800cfb3   Thumb Code     4  stm32f4xx_tim.o(.text)
    TIM_ForcedOC1Config                      0x0800cfb7   Thumb Code    12  stm32f4xx_tim.o(.text)
    TIM_ForcedOC2Config                      0x0800cfc3   Thumb Code    20  stm32f4xx_tim.o(.text)
    TIM_ForcedOC3Config                      0x0800cfd7   Thumb Code    12  stm32f4xx_tim.o(.text)
    TIM_ForcedOC4Config                      0x0800cfe3   Thumb Code    20  stm32f4xx_tim.o(.text)
    TIM_OC1PreloadConfig                     0x0800cff7   Thumb Code    12  stm32f4xx_tim.o(.text)
    TIM_OC2PreloadConfig                     0x0800d003   Thumb Code    20  stm32f4xx_tim.o(.text)
    TIM_OC3PreloadConfig                     0x0800d017   Thumb Code    12  stm32f4xx_tim.o(.text)
    TIM_OC4PreloadConfig                     0x0800d023   Thumb Code    20  stm32f4xx_tim.o(.text)
    TIM_OC1FastConfig                        0x0800d037   Thumb Code    12  stm32f4xx_tim.o(.text)
    TIM_OC2FastConfig                        0x0800d043   Thumb Code    20  stm32f4xx_tim.o(.text)
    TIM_OC3FastConfig                        0x0800d057   Thumb Code    12  stm32f4xx_tim.o(.text)
    TIM_OC4FastConfig                        0x0800d063   Thumb Code    20  stm32f4xx_tim.o(.text)
    TIM_ClearOC1Ref                          0x0800d077   Thumb Code    12  stm32f4xx_tim.o(.text)
    TIM_ClearOC2Ref                          0x0800d083   Thumb Code    20  stm32f4xx_tim.o(.text)
    TIM_ClearOC3Ref                          0x0800d097   Thumb Code    12  stm32f4xx_tim.o(.text)
    TIM_ClearOC4Ref                          0x0800d0a3   Thumb Code    20  stm32f4xx_tim.o(.text)
    TIM_OC1PolarityConfig                    0x0800d0b7   Thumb Code    12  stm32f4xx_tim.o(.text)
    TIM_OC1NPolarityConfig                   0x0800d0c3   Thumb Code    12  stm32f4xx_tim.o(.text)
    TIM_OC2PolarityConfig                    0x0800d0cf   Thumb Code    20  stm32f4xx_tim.o(.text)
    TIM_OC2NPolarityConfig                   0x0800d0e3   Thumb Code    20  stm32f4xx_tim.o(.text)
    TIM_OC3PolarityConfig                    0x0800d0f7   Thumb Code    20  stm32f4xx_tim.o(.text)
    TIM_OC3NPolarityConfig                   0x0800d10b   Thumb Code    20  stm32f4xx_tim.o(.text)
    TIM_OC4PolarityConfig                    0x0800d11f   Thumb Code    20  stm32f4xx_tim.o(.text)
    TIM_CCxCmd                               0x0800d133   Thumb Code    22  stm32f4xx_tim.o(.text)
    TIM_CCxNCmd                              0x0800d149   Thumb Code    22  stm32f4xx_tim.o(.text)
    TIM_SetIC4Prescaler                      0x0800d15f   Thumb Code    24  stm32f4xx_tim.o(.text)
    TIM_SetIC3Prescaler                      0x0800d177   Thumb Code    16  stm32f4xx_tim.o(.text)
    TIM_SetIC2Prescaler                      0x0800d187   Thumb Code    24  stm32f4xx_tim.o(.text)
    TIM_SetIC1Prescaler                      0x0800d1d5   Thumb Code    16  stm32f4xx_tim.o(.text)
    TIM_ICInit                               0x0800d1e5   Thumb Code   164  stm32f4xx_tim.o(.text)
    TIM_ICStructInit                         0x0800d289   Thumb Code    16  stm32f4xx_tim.o(.text)
    TIM_PWMIConfig                           0x0800d299   Thumb Code   104  stm32f4xx_tim.o(.text)
    TIM_GetCapture1                          0x0800d301   Thumb Code     4  stm32f4xx_tim.o(.text)
    TIM_GetCapture2                          0x0800d305   Thumb Code     4  stm32f4xx_tim.o(.text)
    TIM_GetCapture3                          0x0800d309   Thumb Code     4  stm32f4xx_tim.o(.text)
    TIM_GetCapture4                          0x0800d30d   Thumb Code     4  stm32f4xx_tim.o(.text)
    TIM_BDTRConfig                           0x0800d311   Thumb Code    34  stm32f4xx_tim.o(.text)
    TIM_BDTRStructInit                       0x0800d333   Thumb Code    18  stm32f4xx_tim.o(.text)
    TIM_CtrlPWMOutputs                       0x0800d345   Thumb Code    22  stm32f4xx_tim.o(.text)
    TIM_SelectCOM                            0x0800d35b   Thumb Code    20  stm32f4xx_tim.o(.text)
    TIM_CCPreloadControl                     0x0800d36f   Thumb Code    20  stm32f4xx_tim.o(.text)
    TIM_ITConfig                             0x0800d383   Thumb Code    16  stm32f4xx_tim.o(.text)
    TIM_GenerateEvent                        0x0800d393   Thumb Code     4  stm32f4xx_tim.o(.text)
    TIM_GetFlagStatus                        0x0800d397   Thumb Code    14  stm32f4xx_tim.o(.text)
    TIM_ClearFlag                            0x0800d3a5   Thumb Code     6  stm32f4xx_tim.o(.text)
    TIM_GetITStatus                          0x0800d3ab   Thumb Code    24  stm32f4xx_tim.o(.text)
    TIM_ClearITPendingBit                    0x0800d3c3   Thumb Code     6  stm32f4xx_tim.o(.text)
    TIM_DMAConfig                            0x0800d3c9   Thumb Code     8  stm32f4xx_tim.o(.text)
    TIM_DMACmd                               0x0800d3d1   Thumb Code    16  stm32f4xx_tim.o(.text)
    TIM_SelectCCDMA                          0x0800d3e1   Thumb Code    20  stm32f4xx_tim.o(.text)
    TIM_InternalClockConfig                  0x0800d3f5   Thumb Code    10  stm32f4xx_tim.o(.text)
    TIM_SelectInputTrigger                   0x0800d3ff   Thumb Code    12  stm32f4xx_tim.o(.text)
    TIM_ITRxExternalClockConfig              0x0800d40b   Thumb Code    18  stm32f4xx_tim.o(.text)
    TIM_TIxExternalClockConfig               0x0800d41d   Thumb Code    46  stm32f4xx_tim.o(.text)
    TIM_ETRConfig                            0x0800d44b   Thumb Code    24  stm32f4xx_tim.o(.text)
    TIM_ETRClockMode1Config                  0x0800d463   Thumb Code    18  stm32f4xx_tim.o(.text)
    TIM_ETRClockMode2Config                  0x0800d475   Thumb Code    18  stm32f4xx_tim.o(.text)
    TIM_SelectOutputTrigger                  0x0800d487   Thumb Code    16  stm32f4xx_tim.o(.text)
    TIM_SelectSlaveMode                      0x0800d497   Thumb Code    16  stm32f4xx_tim.o(.text)
    TIM_SelectMasterSlaveMode                0x0800d4a7   Thumb Code    16  stm32f4xx_tim.o(.text)
    TIM_EncoderInterfaceConfig               0x0800d4b7   Thumb Code    50  stm32f4xx_tim.o(.text)
    TIM_SelectHallSensor                     0x0800d4e9   Thumb Code    20  stm32f4xx_tim.o(.text)
    TIM_RemapConfig                          0x0800d4fd   Thumb Code     6  stm32f4xx_tim.o(.text)
    SPI_I2S_DeInit                           0x0800d531   Thumb Code    72  stm32f4xx_spi.o(.text)
    SPI_Init                                 0x0800d579   Thumb Code    56  stm32f4xx_spi.o(.text)
    I2S_Init                                 0x0800d5b1   Thumb Code   188  stm32f4xx_spi.o(.text)
    SPI_StructInit                           0x0800d66d   Thumb Code    24  stm32f4xx_spi.o(.text)
    I2S_StructInit                           0x0800d685   Thumb Code    18  stm32f4xx_spi.o(.text)
    SPI_Cmd                                  0x0800d697   Thumb Code    20  stm32f4xx_spi.o(.text)
    I2S_Cmd                                  0x0800d6ab   Thumb Code    20  stm32f4xx_spi.o(.text)
    SPI_DataSizeConfig                       0x0800d6bf   Thumb Code    16  stm32f4xx_spi.o(.text)
    SPI_BiDirectionalLineConfig              0x0800d6cf   Thumb Code    22  stm32f4xx_spi.o(.text)
    SPI_NSSInternalSoftwareConfig            0x0800d6e5   Thumb Code    24  stm32f4xx_spi.o(.text)
    SPI_SSOutputCmd                          0x0800d6fd   Thumb Code    20  stm32f4xx_spi.o(.text)
    SPI_TIModeCmd                            0x0800d711   Thumb Code    20  stm32f4xx_spi.o(.text)
    I2S_FullDuplexConfig                     0x0800d725   Thumb Code    58  stm32f4xx_spi.o(.text)
    SPI_I2S_ReceiveData                      0x0800d75f   Thumb Code     4  stm32f4xx_spi.o(.text)
    SPI_I2S_SendData                         0x0800d763   Thumb Code     4  stm32f4xx_spi.o(.text)
    SPI_CalculateCRC                         0x0800d767   Thumb Code    20  stm32f4xx_spi.o(.text)
    SPI_TransmitCRC                          0x0800d77b   Thumb Code    10  stm32f4xx_spi.o(.text)
    SPI_GetCRC                               0x0800d785   Thumb Code    12  stm32f4xx_spi.o(.text)
    SPI_GetCRCPolynomial                     0x0800d791   Thumb Code     4  stm32f4xx_spi.o(.text)
    SPI_I2S_DMACmd                           0x0800d795   Thumb Code    16  stm32f4xx_spi.o(.text)
    SPI_I2S_ITConfig                         0x0800d7a5   Thumb Code    24  stm32f4xx_spi.o(.text)
    SPI_I2S_GetFlagStatus                    0x0800d7bd   Thumb Code    14  stm32f4xx_spi.o(.text)
    SPI_I2S_ClearFlag                        0x0800d7cb   Thumb Code     6  stm32f4xx_spi.o(.text)
    SPI_I2S_GetITStatus                      0x0800d7d1   Thumb Code    44  stm32f4xx_spi.o(.text)
    SPI_I2S_ClearITPendingBit                0x0800d7fd   Thumb Code    14  stm32f4xx_spi.o(.text)
    IWDG_WriteAccessCmd                      0x0800d821   Thumb Code     6  stm32f4xx_iwdg.o(.text)
    IWDG_SetPrescaler                        0x0800d827   Thumb Code     6  stm32f4xx_iwdg.o(.text)
    IWDG_SetReload                           0x0800d82d   Thumb Code     6  stm32f4xx_iwdg.o(.text)
    IWDG_ReloadCounter                       0x0800d833   Thumb Code    10  stm32f4xx_iwdg.o(.text)
    IWDG_Enable                              0x0800d83d   Thumb Code    10  stm32f4xx_iwdg.o(.text)
    IWDG_GetFlagStatus                       0x0800d847   Thumb Code    16  stm32f4xx_iwdg.o(.text)
    SDIO_DeInit                              0x0800d85d   Thumb Code    24  stm32f4xx_sdio.o(.text)
    SDIO_Init                                0x0800d875   Thumb Code    40  stm32f4xx_sdio.o(.text)
    SDIO_StructInit                          0x0800d89d   Thumb Code    16  stm32f4xx_sdio.o(.text)
    SDIO_ClockCmd                            0x0800d8ad   Thumb Code     8  stm32f4xx_sdio.o(.text)
    SDIO_SetPowerState                       0x0800d8b5   Thumb Code     8  stm32f4xx_sdio.o(.text)
    SDIO_GetPowerState                       0x0800d8bd   Thumb Code    12  stm32f4xx_sdio.o(.text)
    SDIO_SendCommand                         0x0800d8c9   Thumb Code    38  stm32f4xx_sdio.o(.text)
    SDIO_CmdStructInit                       0x0800d8ef   Thumb Code    14  stm32f4xx_sdio.o(.text)
    SDIO_GetCommandResponse                  0x0800d8fd   Thumb Code    10  stm32f4xx_sdio.o(.text)
    SDIO_GetResponse                         0x0800d907   Thumb Code    14  stm32f4xx_sdio.o(.text)
    SDIO_DataConfig                          0x0800d915   Thumb Code    44  stm32f4xx_sdio.o(.text)
    SDIO_DataStructInit                      0x0800d941   Thumb Code    20  stm32f4xx_sdio.o(.text)
    SDIO_GetDataCounter                      0x0800d955   Thumb Code     8  stm32f4xx_sdio.o(.text)
    SDIO_ReadData                            0x0800d95d   Thumb Code     8  stm32f4xx_sdio.o(.text)
    SDIO_WriteData                           0x0800d965   Thumb Code     8  stm32f4xx_sdio.o(.text)
    SDIO_GetFIFOCount                        0x0800d96d   Thumb Code     8  stm32f4xx_sdio.o(.text)
    SDIO_StartSDIOReadWait                   0x0800d975   Thumb Code     6  stm32f4xx_sdio.o(.text)
    SDIO_StopSDIOReadWait                    0x0800d97b   Thumb Code     8  stm32f4xx_sdio.o(.text)
    SDIO_SetSDIOReadWaitMode                 0x0800d983   Thumb Code     8  stm32f4xx_sdio.o(.text)
    SDIO_SetSDIOOperation                    0x0800d98b   Thumb Code     8  stm32f4xx_sdio.o(.text)
    SDIO_SendSDIOSuspendCmd                  0x0800d993   Thumb Code     8  stm32f4xx_sdio.o(.text)
    SDIO_CommandCompletionCmd                0x0800d99b   Thumb Code     8  stm32f4xx_sdio.o(.text)
    SDIO_CEATAITCmd                          0x0800d9a3   Thumb Code    12  stm32f4xx_sdio.o(.text)
    SDIO_SendCEATACmd                        0x0800d9af   Thumb Code     8  stm32f4xx_sdio.o(.text)
    SDIO_DMACmd                              0x0800d9b7   Thumb Code     8  stm32f4xx_sdio.o(.text)
    SDIO_ITConfig                            0x0800d9bf   Thumb Code    20  stm32f4xx_sdio.o(.text)
    SDIO_GetFlagStatus                       0x0800d9d3   Thumb Code    18  stm32f4xx_sdio.o(.text)
    SDIO_ClearFlag                           0x0800d9e5   Thumb Code     8  stm32f4xx_sdio.o(.text)
    SDIO_GetITStatus                         0x0800d9ed   Thumb Code    18  stm32f4xx_sdio.o(.text)
    SDIO_ClearITPendingBit                   0x0800d9ff   Thumb Code     8  stm32f4xx_sdio.o(.text)
    DMA_DeInit                               0x0800da15   Thumb Code   272  stm32f4xx_dma.o(.text)
    DMA_Init                                 0x0800db25   Thumb Code    80  stm32f4xx_dma.o(.text)
    DMA_StructInit                           0x0800db75   Thumb Code    34  stm32f4xx_dma.o(.text)
    DMA_Cmd                                  0x0800db97   Thumb Code    20  stm32f4xx_dma.o(.text)
    DMA_PeriphIncOffsetSizeConfig            0x0800dbab   Thumb Code    20  stm32f4xx_dma.o(.text)
    DMA_FlowControllerConfig                 0x0800dbbf   Thumb Code    20  stm32f4xx_dma.o(.text)
    DMA_SetCurrDataCounter                   0x0800dbd3   Thumb Code     4  stm32f4xx_dma.o(.text)
    DMA_GetCurrDataCounter                   0x0800dbd7   Thumb Code     6  stm32f4xx_dma.o(.text)
    DMA_DoubleBufferModeConfig               0x0800dbdd   Thumb Code    22  stm32f4xx_dma.o(.text)
    DMA_DoubleBufferModeCmd                  0x0800dbf3   Thumb Code    20  stm32f4xx_dma.o(.text)
    DMA_MemoryTargetConfig                   0x0800dc07   Thumb Code    10  stm32f4xx_dma.o(.text)
    DMA_GetCurrentMemoryTarget               0x0800dc11   Thumb Code    14  stm32f4xx_dma.o(.text)
    DMA_GetCmdStatus                         0x0800dc1f   Thumb Code    14  stm32f4xx_dma.o(.text)
    DMA_GetFIFOStatus                        0x0800dc2d   Thumb Code     8  stm32f4xx_dma.o(.text)
    DMA_GetFlagStatus                        0x0800dc35   Thumb Code    42  stm32f4xx_dma.o(.text)
    DMA_ClearFlag                            0x0800dc5f   Thumb Code    34  stm32f4xx_dma.o(.text)
    DMA_ITConfig                             0x0800dc81   Thumb Code    44  stm32f4xx_dma.o(.text)
    DMA_GetITStatus                          0x0800dcad   Thumb Code    70  stm32f4xx_dma.o(.text)
    DMA_ClearITPendingBit                    0x0800dcf3   Thumb Code    34  stm32f4xx_dma.o(.text)
    EXTI_DeInit                              0x0800dd35   Thumb Code    28  stm32f4xx_exti.o(.text)
    EXTI_Init                                0x0800dd51   Thumb Code   108  stm32f4xx_exti.o(.text)
    EXTI_StructInit                          0x0800ddbd   Thumb Code    14  stm32f4xx_exti.o(.text)
    EXTI_GenerateSWInterrupt                 0x0800ddcb   Thumb Code    12  stm32f4xx_exti.o(.text)
    EXTI_GetFlagStatus                       0x0800ddd7   Thumb Code    18  stm32f4xx_exti.o(.text)
    EXTI_ClearFlag                           0x0800dde9   Thumb Code     8  stm32f4xx_exti.o(.text)
    EXTI_GetITStatus                         0x0800ddf1   Thumb Code    28  stm32f4xx_exti.o(.text)
    EXTI_ClearITPendingBit                   0x0800de0d   Thumb Code     8  stm32f4xx_exti.o(.text)
    SYSCFG_DeInit                            0x0800de1d   Thumb Code    24  stm32f4xx_syscfg.o(.text)
    SYSCFG_MemoryRemapConfig                 0x0800de35   Thumb Code     6  stm32f4xx_syscfg.o(.text)
    SYSCFG_EXTILineConfig                    0x0800de3b   Thumb Code    42  stm32f4xx_syscfg.o(.text)
    SYSCFG_ETH_MediaInterfaceConfig          0x0800de65   Thumb Code     8  stm32f4xx_syscfg.o(.text)
    SYSCFG_CompensationCellCmd               0x0800de6d   Thumb Code     6  stm32f4xx_syscfg.o(.text)
    SYSCFG_GetCompensationCellStatus         0x0800de73   Thumb Code    16  stm32f4xx_syscfg.o(.text)
    USBD_DeInit                              0x0800de95   Thumb Code     4  usbd_core.o(.text)
    USBD_Init                                0x0800de99   Thumb Code    52  usbd_core.o(.text)
    USBD_SetCfg                              0x0800e087   Thumb Code    26  usbd_core.o(.text)
    USBD_ClrCfg                              0x0800e0a1   Thumb Code    14  usbd_core.o(.text)
    USBD_CtlSendData                         0x0800e0cb   Thumb Code    32  usbd_ioreq.o(.text)
    USBD_CtlContinueSendData                 0x0800e0eb   Thumb Code    18  usbd_ioreq.o(.text)
    USBD_CtlPrepareRx                        0x0800e0fd   Thumb Code    32  usbd_ioreq.o(.text)
    USBD_CtlContinueRx                       0x0800e11d   Thumb Code    18  usbd_ioreq.o(.text)
    USBD_CtlSendStatus                       0x0800e12f   Thumb Code    34  usbd_ioreq.o(.text)
    USBD_CtlReceiveStatus                    0x0800e151   Thumb Code    34  usbd_ioreq.o(.text)
    USBD_GetRxCount                          0x0800e173   Thumb Code    16  usbd_ioreq.o(.text)
    USBD_CtlError                            0x0800e185   Thumb Code    36  usbd_req.o(.text)
    USBD_StdDevReq                           0x0800e2e5   Thumb Code   238  usbd_req.o(.text)
    USBD_StdItfReq                           0x0800e3d3   Thumb Code    54  usbd_req.o(.text)
    USBD_StdEPReq                            0x0800e409   Thumb Code   208  usbd_req.o(.text)
    USBD_ParseSetupRequest                   0x0800e4d9   Thumb Code    68  usbd_req.o(.text)
    USBD_GetString                           0x0800e51d   Thumb Code    70  usbd_req.o(.text)
    USBD_OTG_ISR_Handler                     0x0800e6bb   Thumb Code   376  usb_dcd_int.o(.text)
    USB_OTG_WritePacket                      0x0800eab1   Thumb Code    40  usb_core.o(.text)
    USB_OTG_ReadPacket                       0x0800ead9   Thumb Code    32  usb_core.o(.text)
    USB_OTG_SelectCore                       0x0800eaf9   Thumb Code   188  usb_core.o(.text)
    USB_OTG_CoreInit                         0x0800ebb5   Thumb Code   218  usb_core.o(.text)
    USB_OTG_EnableGlobalInt                  0x0800ec8f   Thumb Code    16  usb_core.o(.text)
    USB_OTG_DisableGlobalInt                 0x0800ec9f   Thumb Code    16  usb_core.o(.text)
    USB_OTG_FlushTxFifo                      0x0800ecaf   Thumb Code    62  usb_core.o(.text)
    USB_OTG_FlushRxFifo                      0x0800eced   Thumb Code    54  usb_core.o(.text)
    USB_OTG_SetCurrentMode                   0x0800ed23   Thumb Code    42  usb_core.o(.text)
    USB_OTG_GetMode                          0x0800ed4d   Thumb Code    10  usb_core.o(.text)
    USB_OTG_IsDeviceMode                     0x0800ed57   Thumb Code    18  usb_core.o(.text)
    USB_OTG_IsHostMode                       0x0800ed69   Thumb Code    14  usb_core.o(.text)
    USB_OTG_ReadCoreItr                      0x0800ed77   Thumb Code    10  usb_core.o(.text)
    USB_OTG_ReadOtgItr                       0x0800ed81   Thumb Code     6  usb_core.o(.text)
    USB_OTG_InitDevSpeed                     0x0800ed87   Thumb Code    12  usb_core.o(.text)
    USB_OTG_EnableDevInt                     0x0800ed93   Thumb Code    62  usb_core.o(.text)
    USB_OTG_CoreInitDev                      0x0800edd1   Thumb Code   316  usb_core.o(.text)
    USB_OTG_GetDeviceSpeed                   0x0800ef0d   Thumb Code    38  usb_core.o(.text)
    USB_OTG_EP0Activate                      0x0800ef33   Thumb Code    58  usb_core.o(.text)
    USB_OTG_EPActivate                       0x0800ef6d   Thumb Code    82  usb_core.o(.text)
    USB_OTG_EPDeactivate                     0x0800efbf   Thumb Code    52  usb_core.o(.text)
    USB_OTG_EPStartXfer                      0x0800eff3   Thumb Code   298  usb_core.o(.text)
    USB_OTG_EP0StartXfer                     0x0800f11d   Thumb Code   184  usb_core.o(.text)
    USB_OTG_EPSetStall                       0x0800f1d5   Thumb Code    48  usb_core.o(.text)
    USB_OTG_EPClearStall                     0x0800f205   Thumb Code    50  usb_core.o(.text)
    USB_OTG_ReadDevAllOutEp_itr              0x0800f237   Thumb Code    12  usb_core.o(.text)
    USB_OTG_ReadDevOutEP_itr                 0x0800f243   Thumb Code    16  usb_core.o(.text)
    USB_OTG_ReadDevAllInEPItr                0x0800f253   Thumb Code    12  usb_core.o(.text)
    USB_OTG_EP0_OutStart                     0x0800f25f   Thumb Code    32  usb_core.o(.text)
    USB_OTG_ActiveRemoteWakeup               0x0800f27f   Thumb Code    66  usb_core.o(.text)
    USB_OTG_UngateClock                      0x0800f2c1   Thumb Code    30  usb_core.o(.text)
    USB_OTG_StopDevice                       0x0800f2df   Thumb Code    72  usb_core.o(.text)
    USB_OTG_GetEPStatus                      0x0800f327   Thumb Code    66  usb_core.o(.text)
    USB_OTG_SetEPStatus                      0x0800f369   Thumb Code   106  usb_core.o(.text)
    DCD_Init                                 0x0800f3d9   Thumb Code   146  usb_dcd.o(.text)
    DCD_EP_Open                              0x0800f46b   Thumb Code    60  usb_dcd.o(.text)
    DCD_EP_Close                             0x0800f4a7   Thumb Code    44  usb_dcd.o(.text)
    DCD_EP_PrepareRx                         0x0800f4d3   Thumb Code    68  usb_dcd.o(.text)
    DCD_EP_Tx                                0x0800f517   Thumb Code    62  usb_dcd.o(.text)
    DCD_EP_Stall                             0x0800f555   Thumb Code    56  usb_dcd.o(.text)
    DCD_EP_ClrStall                          0x0800f58d   Thumb Code    56  usb_dcd.o(.text)
    DCD_EP_Flush                             0x0800f5c5   Thumb Code    24  usb_dcd.o(.text)
    DCD_EP_SetAddress                        0x0800f5dd   Thumb Code    16  usb_dcd.o(.text)
    DCD_DevConnect                           0x0800f5ed   Thumb Code    16  usb_dcd.o(.text)
    DCD_DevDisconnect                        0x0800f5fd   Thumb Code    16  usb_dcd.o(.text)
    DCD_GetEPStatus                          0x0800f60d   Thumb Code    38  usb_dcd.o(.text)
    DCD_SetEPStatus                          0x0800f633   Thumb Code    38  usb_dcd.o(.text)
    USB_OTG_BSP_Init                         0x0800f659   Thumb Code   150  usb_bsp.o(.text)
    USB_OTG_BSP_EnableInterrupt              0x0800f6ef   Thumb Code    40  usb_bsp.o(.text)
    USB_OTG_BSP_uDelay                       0x0800f717   Thumb Code    22  usb_bsp.o(.text)
    USB_OTG_BSP_mDelay                       0x0800f72d   Thumb Code     8  usb_bsp.o(.text)
    clust2sect                               0x0800f859   Thumb Code    24  ff.o(.text)
    get_fat                                  0x0800f871   Thumb Code   182  ff.o(.text)
    put_fat                                  0x0800f927   Thumb Code   248  ff.o(.text)
    f_mount                                  0x080101bd   Thumb Code    26  ff.o(.text)
    f_open                                   0x080101d7   Thumb Code   308  ff.o(.text)
    f_read                                   0x0801030b   Thumb Code   328  ff.o(.text)
    f_write                                  0x08010453   Thumb Code   392  ff.o(.text)
    f_sync                                   0x080105db   Thumb Code   164  ff.o(.text)
    f_close                                  0x0801067f   Thumb Code    18  ff.o(.text)
    f_lseek                                  0x08010691   Thumb Code   306  ff.o(.text)
    f_opendir                                0x080107c3   Thumb Code    78  ff.o(.text)
    f_readdir                                0x08010811   Thumb Code    80  ff.o(.text)
    f_stat                                   0x08010861   Thumb Code    58  ff.o(.text)
    f_getfree                                0x0801089b   Thumb Code   200  ff.o(.text)
    f_getfreeCluandSec                       0x08010963   Thumb Code   228  ff.o(.text)
    f_truncate                               0x08010a47   Thumb Code   144  ff.o(.text)
    f_unlink                                 0x08010ad7   Thumb Code   154  ff.o(.text)
    f_mkdir                                  0x08010b71   Thumb Code   402  ff.o(.text)
    f_chmod                                  0x08010d03   Thumb Code    74  ff.o(.text)
    f_utime                                  0x08010d4d   Thumb Code    80  ff.o(.text)
    f_rename                                 0x08010d9d   Thumb Code   256  ff.o(.text)
    disk_initialize                          0x08010edd   Thumb Code    22  diskio.o(.text)
    disk_status                              0x08010ef3   Thumb Code    20  diskio.o(.text)
    disk_read                                0x08010f07   Thumb Code    72  diskio.o(.text)
    disk_write                               0x08010f4f   Thumb Code    62  diskio.o(.text)
    disk_ioctl                               0x08010f8d   Thumb Code    40  diskio.o(.text)
    get_fattime                              0x08010fb5   Thumb Code     4  diskio.o(.text)
    __I$use$semihosting                      0x08010fbd   Thumb Code     0  use_no_semi.o(.text)
    __use_no_semihosting_swi                 0x08010fbd   Thumb Code     2  use_no_semi.o(.text)
    calloc                                   0x08010fbf   Thumb Code    40  calloc.o(.text)
    malloc                                   0x08010fe7   Thumb Code    94  h1_alloc.o(.text)
    free                                     0x08011045   Thumb Code    78  h1_free.o(.text)
    __2printf                                0x08011095   Thumb Code    20  noretval__2printf.o(.text)
    __2sprintf                               0x080110ad   Thumb Code    34  noretval__2sprintf.o(.text)
    _printf_pre_padding                      0x080110d5   Thumb Code    44  _printf_pad.o(.text)
    _printf_post_padding                     0x08011101   Thumb Code    34  _printf_pad.o(.text)
    _printf_str                              0x08011123   Thumb Code    82  _printf_str.o(.text)
    _printf_int_dec                          0x08011175   Thumb Code   104  _printf_dec.o(.text)
    _printf_int_hex                          0x080111ed   Thumb Code    84  _printf_hex_int.o(.text)
    _printf_longlong_hex                     0x080111ed   Thumb Code     0  _printf_hex_int.o(.text)
    __printf                                 0x08011245   Thumb Code   308  __printf_flags_wp.o(.text)
    srand                                    0x0801137d   Thumb Code    42  rand.o(.text)
    _rand_init                               0x080113a7   Thumb Code     4  rand.o(.text)
    strncat                                  0x080113b9   Thumb Code    36  strncat.o(.text)
    strlen                                   0x080113dd   Thumb Code    62  strlen.o(.text)
    strncmp                                  0x0801141b   Thumb Code   150  strncmp.o(.text)
    strcat                                   0x080114b1   Thumb Code    24  strcat.o(.text)
    __aeabi_memclr                           0x080114c9   Thumb Code     0  rt_memclr.o(.text)
    __rt_memclr                              0x080114c9   Thumb Code    68  rt_memclr.o(.text)
    _memset                                  0x080114cd   Thumb Code     0  rt_memclr.o(.text)
    strcmp                                   0x0801150d   Thumb Code   128  strcmpv7m.o(.text)
    __use_two_region_memory                  0x0801158d   Thumb Code     2  heapauxi.o(.text)
    __rt_heap_escrow                         0x0801158f   Thumb Code     2  heapauxi.o(.text)
    __rt_heap_expand                         0x08011591   Thumb Code     2  heapauxi.o(.text)
    __cpp_initialize__aeabi_                 0x08011595   Thumb Code    26  init_aeabi.o(.text)
    __rt_heap_descriptor                     0x080115b9   Thumb Code     8  rt_heap_descriptor_intlibspace.o(.text)
    __use_no_heap                            0x080115c1   Thumb Code     2  hguard.o(.text)
    __heap$guard                             0x080115c3   Thumb Code     2  hguard.o(.text)
    _terminate_user_alloc                    0x080115c5   Thumb Code     2  init_alloc.o(.text)
    _init_user_alloc                         0x080115c7   Thumb Code     2  init_alloc.o(.text)
    __Heap_Full                              0x080115c9   Thumb Code    34  init_alloc.o(.text)
    __Heap_Broken                            0x080115eb   Thumb Code     6  init_alloc.o(.text)
    _init_alloc                              0x080115f1   Thumb Code    94  init_alloc.o(.text)
    __Heap_Initialize                        0x0801164f   Thumb Code    10  h1_init.o(.text)
    __Heap_DescSize                          0x08011659   Thumb Code     4  h1_init.o(.text)
    __read_errno                             0x0801165d   Thumb Code    10  _rserrno.o(.text)
    __set_errno                              0x08011667   Thumb Code    12  _rserrno.o(.text)
    _printf_int_common                       0x08011673   Thumb Code   178  _printf_intcommon.o(.text)
    _printf_char_common                      0x0801172f   Thumb Code    32  _printf_char_common.o(.text)
    _sputc                                   0x08011755   Thumb Code    10  _sputc.o(.text)
    _printf_cs_common                        0x0801175f   Thumb Code    20  _printf_char.o(.text)
    _printf_char                             0x08011773   Thumb Code    16  _printf_char.o(.text)
    _printf_string                           0x08011783   Thumb Code     8  _printf_char.o(.text)
    _printf_char_file                        0x0801178d   Thumb Code    32  _printf_char_file.o(.text)
    __aeabi_memclr4                          0x080117b1   Thumb Code     0  rt_memclr_w.o(.text)
    __aeabi_memclr8                          0x080117b1   Thumb Code     0  rt_memclr_w.o(.text)
    __rt_memclr_w                            0x080117b1   Thumb Code    78  rt_memclr_w.o(.text)
    _memset_w                                0x080117b5   Thumb Code     0  rt_memclr_w.o(.text)
    __user_libspace                          0x08011801   Thumb Code     8  libspace.o(.text)
    __user_perproc_libspace                  0x08011801   Thumb Code     0  libspace.o(.text)
    __user_perthread_libspace                0x08011801   Thumb Code     0  libspace.o(.text)
    __aeabi_errno_addr                       0x08011809   Thumb Code     8  rt_errno_addr_intlibspace.o(.text)
    __errno$intlibspace                      0x08011809   Thumb Code     0  rt_errno_addr_intlibspace.o(.text)
    __rt_errno_addr$intlibspace              0x08011809   Thumb Code     0  rt_errno_addr_intlibspace.o(.text)
    __Heap_ProvideMemory                     0x08011811   Thumb Code    52  h1_extend.o(.text)
    __rt_SIGRTMEM                            0x08011845   Thumb Code    14  defsig_rtmem_outer.o(.text)
    __user_setup_stackheap                   0x08011853   Thumb Code    74  sys_stackheap_outer.o(.text)
    exit                                     0x0801189d   Thumb Code    12  exit.o(.text)
    __sig_exit                               0x080118a9   Thumb Code    10  defsig_exit.o(.text)
    __rt_SIGRTMEM_inner                      0x080118b5   Thumb Code    22  defsig_rtmem_inner.o(.text)
    __default_signal_display                 0x08011905   Thumb Code    50  defsig_general.o(.text)
    __hardfp_sqrtf                           0x08011937   Thumb Code    58  sqrtf.o(i.__hardfp_sqrtf)
    _is_digit                                0x08011971   Thumb Code    14  __printf_wp.o(i._is_digit)
    __aeabi_d2f                              0x08011981   Thumb Code     0  d2f.o(x$fpl$d2f)
    _d2f                                     0x08011981   Thumb Code    98  d2f.o(x$fpl$d2f)
    __aeabi_dadd                             0x080119e5   Thumb Code     0  daddsub_clz.o(x$fpl$dadd)
    _dadd                                    0x080119e5   Thumb Code   332  daddsub_clz.o(x$fpl$dadd)
    __aeabi_d2iz                             0x08011b35   Thumb Code     0  dfix.o(x$fpl$dfix)
    _dfix                                    0x08011b35   Thumb Code    94  dfix.o(x$fpl$dfix)
    __aeabi_i2d                              0x08011b93   Thumb Code     0  dflt_clz.o(x$fpl$dflt)
    _dflt                                    0x08011b93   Thumb Code    46  dflt_clz.o(x$fpl$dflt)
    __aeabi_ui2d                             0x08011bc1   Thumb Code     0  dflt_clz.o(x$fpl$dfltu)
    _dfltu                                   0x08011bc1   Thumb Code    38  dflt_clz.o(x$fpl$dfltu)
    __aeabi_dmul                             0x08011be9   Thumb Code     0  dmul.o(x$fpl$dmul)
    _dmul                                    0x08011be9   Thumb Code   332  dmul.o(x$fpl$dmul)
    __fpl_dnaninf                            0x08011d3d   Thumb Code   156  dnaninf.o(x$fpl$dnaninf)
    __fpl_dretinf                            0x08011dd9   Thumb Code    12  dretinf.o(x$fpl$dretinf)
    __aeabi_dsub                             0x08011de5   Thumb Code     0  daddsub_clz.o(x$fpl$dsub)
    _dsub                                    0x08011de5   Thumb Code   464  daddsub_clz.o(x$fpl$dsub)
    _fp_init                                 0x08011fb9   Thumb Code    10  fpinit.o(x$fpl$fpinit)
    __fplib_config_fpu_vfp                   0x08011fc1   Thumb Code     0  fpinit.o(x$fpl$fpinit)
    __fplib_config_pureend_doubles           0x08011fc1   Thumb Code     0  fpinit.o(x$fpl$fpinit)
    __fpl_fretinf                            0x08011fc3   Thumb Code    10  fretinf.o(x$fpl$fretinf)
    __I$use$fp                               0x08011fcc   Number         0  usenofp.o(x$fpl$usenofp)
    DAY_s                                    0x08011fda   Data          28  dingke_i2c.o(.constdata)
    Region$$Table$$Base                      0x08012030   Number         0  anon$$obj.o(Region$$Table)
    Region$$Table$$Limit                     0x08012050   Number         0  anon$$obj.o(Region$$Table)
    SHT$$INIT_ARRAY$$Base                    0x08012050   Number         0  waspeeprom.o(.init_array)
    SHT$$INIT_ARRAY$$Limit                   0x08012074   Number         0  init_aeabi.o(.init_array)
    SystemCoreClock                          0x20000000   Data           4  system_stm32f4xx.o(.data)
    AHBPrescTable                            0x20000004   Data          16  system_stm32f4xx.o(.data)
    error_MAC                                0x20000014   Data           1  btest_allsensors_v3.o(.data)
    packet_counter                           0x20000015   Data           1  btest_allsensors_v3.o(.data)
    data_count                               0x20000016   Data           1  btest_allsensors_v3.o(.data)
    amb_count                                0x20000017   Data           1  btest_allsensors_v3.o(.data)
    cal_done                                 0x20000018   Data           1  btest_allsensors_v3.o(.data)
    first_time                               0x20000019   Data           1  btest_allsensors_v3.o(.data)
    count_vars                               0x2000001a   Data           1  btest_allsensors_v3.o(.data)
    count_vars_tempa                         0x2000001b   Data           1  btest_allsensors_v3.o(.data)
    count_vars_tempb                         0x2000001c   Data           1  btest_allsensors_v3.o(.data)
    count_vars_tempc                         0x2000001d   Data           1  btest_allsensors_v3.o(.data)
    count_vars_tempd                         0x2000001e   Data           1  btest_allsensors_v3.o(.data)
    count_vars_tempe                         0x2000001f   Data           1  btest_allsensors_v3.o(.data)
    count_vars_tempf                         0x20000020   Data           1  btest_allsensors_v3.o(.data)
    xbeeWakeUPFlag                           0x20000021   Data           1  btest_allsensors_v3.o(.data)
    XBEEFlagOFF                              0x20000022   Data           1  btest_allsensors_v3.o(.data)
    first_variation_count                    0x20000023   Data           1  btest_allsensors_v3.o(.data)
    last_variation_count                     0x20000024   Data           1  btest_allsensors_v3.o(.data)
    max_height_car                           0x20000026   Data           2  btest_allsensors_v3.o(.data)
    min_height_car                           0x20000028   Data           2  btest_allsensors_v3.o(.data)
    MAC_address1                             0x2000002a   Data           2  btest_allsensors_v3.o(.data)
    MAC_address2                             0x2000002c   Data           2  btest_allsensors_v3.o(.data)
    flagsonar                                0x20000030   Data           4  btest_allsensors_v3.o(.data)
    Sum_temp                                 0x20000034   Data           4  btest_allsensors_v3.o(.data)
    temp_threshold                           0x20000038   Data           4  btest_allsensors_v3.o(.data)
    paq_sent                                 0x2000003c   Data           4  btest_allsensors_v3.o(.data)
    slave_add                                0x20000040   Data           4  btest_allsensors_v3.o(.data)
    tempobject                               0x20000044   Data           4  btest_allsensors_v3.o(.data)
    tempambient                              0x20000048   Data           4  btest_allsensors_v3.o(.data)
    Ult_median                               0x2000004c   Data           4  btest_allsensors_v3.o(.data)
    valuesonar                               0x20000050   Data           4  btest_allsensors_v3.o(.data)
    tempa_median                             0x20000054   Data           4  btest_allsensors_v3.o(.data)
    tempb_median                             0x20000058   Data           4  btest_allsensors_v3.o(.data)
    tempc_median                             0x2000005c   Data           4  btest_allsensors_v3.o(.data)
    tempd_median                             0x20000060   Data           4  btest_allsensors_v3.o(.data)
    tempe_median                             0x20000064   Data           4  btest_allsensors_v3.o(.data)
    tempf_median                             0x20000068   Data           4  btest_allsensors_v3.o(.data)
    tempambient_ave                          0x2000006c   Data           4  btest_allsensors_v3.o(.data)
    std_dev                                  0x20000070   Data           4  btest_allsensors_v3.o(.data)
    max_variation                            0x20000074   Data           4  btest_allsensors_v3.o(.data)
    char_val                                 0x20000078   Data           6  btest_allsensors_v3.o(.data)
    ntime                                    0x20000080   Data           4  stm32f4xx_it.o(.data)
    TransferError                            0x20000084   Data           1  sdio_sd.o(.data)
    StopCondition                            0x20000090   Data           4  sdio_sd.o(.data)
    TransferEnd                              0x20000094   Data           4  sdio_sd.o(.data)
    DMAEndOfTransfer                         0x20000098   Data           4  sdio_sd.o(.data)
    NDMacLength                              0x2000009c   Data           1  waspxbeecore.o(.data)
    LenRuleStr                               0x2000009d   Data           1  waspxbeecore.o(.data)
    LenSendAPIFrameStr                       0x200000a0   Data           2  waspxbeecore.o(.data)
    rx_buffer_head3Last                      0x200000a4   Data           4  waspxbeecore.o(.data)
    Eeprom                                   0x200000a8   Data           1  waspeeprom.o(.data)
    Utils                                    0x200000a9   Data           1  wasputils.o(.data)
    XBee                                     0x200000aa   Data           1  waspxbee.o(.data)
    timer0_overflow_count                    0x200000ac   Data           4  dingke_timer.o(.data)
    Flag1ms                                  0x200000b0   Data           4  dingke_timer.o(.data)
    rxprerx80_buffer_tail3                   0x200000b8   Data           4  dingke_uart.o(.data)
    Rx80BufferHead                           0x200000bc   Data           4  dingke_uart.o(.data)
    Rx80BufferTail                           0x200000c0   Data           4  dingke_uart.o(.data)
    rx_buffer_head3                          0x200000c4   Data           4  dingke_uart.o(.data)
    rx_buffer_tail3                          0x200000c8   Data           4  dingke_uart.o(.data)
    rx_buffer_head2                          0x200000cc   Data           4  dingke_uart.o(.data)
    rx_buffer_tail2                          0x200000d0   Data           4  dingke_uart.o(.data)
    rx_buffer_head1                          0x200000d4   Data           4  dingke_uart.o(.data)
    rx_buffer_tail1                          0x200000d8   Data           4  dingke_uart.o(.data)
    rx_buffer_head6                          0x200000dc   Data           4  dingke_uart.o(.data)
    rx_buffer_tail6                          0x200000e0   Data           4  dingke_uart.o(.data)
    USARTTCnt3                               0x200000e4   Data           4  dingke_uart.o(.data)
    USARTTCnt1                               0x200000e8   Data           4  dingke_uart.o(.data)
    USARTTCnt2                               0x200000ec   Data           4  dingke_uart.o(.data)
    USARTTCnt6                               0x200000f0   Data           4  dingke_uart.o(.data)
    pUSART_TX_BUF3                           0x200000f8   Data           4  dingke_uart.o(.data)
    pUSART_TX_BUF1                           0x200000fc   Data           4  dingke_uart.o(.data)
    pUSART_TX_BUF2                           0x20000100   Data           4  dingke_uart.o(.data)
    pUSART_TX_BUF6                           0x20000104   Data           4  dingke_uart.o(.data)
    PECreg                                   0x20000108   Data           1  dingke_smbus.o(.data)
    PECARR                                   0x20000109   Data           7  dingke_smbus.o(.data)
    PECwbparr                                0x20000110   Data           7  dingke_smbus.o(.data)
    RTCExternalUn                            0x20000118   Data           7  dingke_i2c.o(.data)
    GPIO_InitStructure                       0x20000120   Data           8  dingke_i2c.o(.data)
    CNTEXIT                                  0x20000130   Data           2  dingke_exti.o(.data)
    __stdout                                 0x20000138   Data           4  dingke_retarget.o(.data)
    SysClkWasp                               0x2000013c   Data           4  dingke_sysclkchange.o(.data)
    DelayMsWasp                              0x20000140   Data           4  dingke_sysclkchange.o(.data)
    DelayUsWasp                              0x20000144   Data           4  dingke_sysclkchange.o(.data)
    SysPllN                                  0x20000148   Data           4  dingke_sysclkchange.o(.data)
    SysPllM                                  0x2000014c   Data           4  dingke_sysclkchange.o(.data)
    SysPllP                                  0x20000150   Data           4  dingke_sysclkchange.o(.data)
    SysPllQ                                  0x20000154   Data           4  dingke_sysclkchange.o(.data)
    SysFlashWait                             0x20000158   Data           4  dingke_sysclkchange.o(.data)
    USBD_DCD_INT_cb                          0x2000016c   Data          44  usbd_core.o(.data)
    USBD_DCD_INT_fops                        0x20000198   Data           4  usbd_core.o(.data)
    USBD_ep_status                           0x200001a0   Data           4  usbd_req.o(.data)
    USBD_default_cfg                         0x200001a4   Data           4  usbd_req.o(.data)
    USBD_cfg_status                          0x200001a8   Data           4  usbd_req.o(.data)
    packet_tosend                            0x200001b4   Data         100  btest_allsensors_v3.o(.bss)
    data_Ult                                 0x20000218   Data         200  btest_allsensors_v3.o(.bss)
    data_sorted_Ult                          0x200002e0   Data         200  btest_allsensors_v3.o(.bss)
    data_tempa                               0x200003a8   Data         200  btest_allsensors_v3.o(.bss)
    data_tempb                               0x20000470   Data         200  btest_allsensors_v3.o(.bss)
    data_tempc                               0x20000538   Data         200  btest_allsensors_v3.o(.bss)
    data_tempd                               0x20000600   Data         200  btest_allsensors_v3.o(.bss)
    data_tempe                               0x200006c8   Data         200  btest_allsensors_v3.o(.bss)
    data_tempf                               0x20000790   Data         200  btest_allsensors_v3.o(.bss)
    data_sorted                              0x20000858   Data         200  btest_allsensors_v3.o(.bss)
    data_tempambient                         0x20000920   Data         120  btest_allsensors_v3.o(.bss)
    variations_Ult_char                      0x20000998   Data          14  btest_allsensors_v3.o(.bss)
    variations_tempa_char                    0x200009a6   Data          14  btest_allsensors_v3.o(.bss)
    variations_tempb_char                    0x200009b4   Data          14  btest_allsensors_v3.o(.bss)
    variations_tempc_char                    0x200009c2   Data          14  btest_allsensors_v3.o(.bss)
    variations_tempd_char                    0x200009d0   Data          14  btest_allsensors_v3.o(.bss)
    variations_tempe_char                    0x200009de   Data          14  btest_allsensors_v3.o(.bss)
    variations_tempf_char                    0x200009ec   Data          14  btest_allsensors_v3.o(.bss)
    SDCardInfo                               0x20000a2c   Data          80  sdio_sd.o(.bss)
    SDIO_InitStructure                       0x20000a7c   Data          24  sdio_sd.o(.bss)
    SDIO_CmdInitStructure                    0x20000a94   Data          20  sdio_sd.o(.bss)
    SDIO_DataInitStructure                   0x20000aa8   Data          24  sdio_sd.o(.bss)
    MemoryArray                              0x20000ac0   Data         300  waspxbeecore.o(.bss)
    ByteINArray                              0x20000bec   Data         120  waspxbeecore.o(.bss)
    TXArray                                  0x20000c64   Data         120  waspxbeecore.o(.bss)
    RuleStr                                  0x20000cdc   Data         200  waspxbeecore.o(.bss)
    RecAPIFrameStr                           0x20000da4   Data         300  waspxbeecore.o(.bss)
    SendAPIFrameStr                          0x20000ed0   Data         300  waspxbeecore.o(.bss)
    NDMacAddress                             0x20001128   Data          80  waspxbeecore.o(.bss)
    NDMyAddress                              0x20001178   Data          20  waspxbeecore.o(.bss)
    Flash                                    0x2000118c   Data        4616  waspflash.o(.bss)
    BufferStrLnR                             0x20002418   Data        1024  waspsd.o(.bss)
    BufferStrLnScopeR                        0x20002818   Data         256  waspsd.o(.bss)
    SD                                       0x20002918   Data         936  waspsd.o(.bss)
    xbee802                                  0x20002cc0   Data         780  waspxbee802.o(.bss)
    USB_OTG_dev                              0x20002fcc   Data        1520  test_usb.o(.bss)
    Rx80Buffer                               0x200035bc   Data        8000  dingke_uart.o(.bss)
    rx_buffer3                               0x200054fc   Data        9000  dingke_uart.o(.bss)
    rx_buffer2                               0x20007824   Data         500  dingke_uart.o(.bss)
    rx_buffer1                               0x20007a18   Data         100  dingke_uart.o(.bss)
    rx_buffer6                               0x20007a7c   Data         100  dingke_uart.o(.bss)
    RTCExternalStamp                         0x20007c0c   Data          60  dingke_i2c.o(.bss)
    _random_number_data                      0x20007c5c   Data         228  rand.o(.bss)
    __libspace_start                         0x20007d40   Data          96  libspace.o(.bss)
    __temporary_stack_top$libspace           0x20007da0   Data           0  libspace.o(.bss)



==============================================================================

Memory Map of the image

  Image Entry point : 0x08000189

  Load Region LR_IROM1 (Base: 0x08000000, Size: 0x00012228, Max: 0x00100000, ABSOLUTE, COMPRESSED[0x000120d4])

    Execution Region ER_IROM1 (Base: 0x08000000, Size: 0x00012074, Max: 0x00100000, ABSOLUTE)

    Base Addr    Size         Type   Attr      Idx    E Section Name        Object

    0x08000000   0x00000188   Data   RO            3    RESET               startup_stm32f4xx.o
    0x08000188   0x00000008   Code   RO         1923  * !!!main             c_w.l(__main.o)
    0x08000190   0x00000034   Code   RO         2245    !!!scatter          c_w.l(__scatter.o)
    0x080001c4   0x0000005a   Code   RO         2243    !!dczerorl2         c_w.l(__dczerorl2.o)
    0x0800021e   0x00000002   PAD
    0x08000220   0x0000001c   Code   RO         2247    !!handler_zi        c_w.l(__scatter_zi.o)
    0x0800023c   0x00000000   Code   RO         1901    .ARM.Collect$$_printf_percent$$00000000  c_w.l(_printf_percent.o)
    0x0800023c   0x00000006   Code   RO         1898    .ARM.Collect$$_printf_percent$$00000009  c_w.l(_printf_d.o)
    0x08000242   0x00000006   Code   RO         1899    .ARM.Collect$$_printf_percent$$0000000A  c_w.l(_printf_u.o)
    0x08000248   0x00000006   Code   RO         1897    .ARM.Collect$$_printf_percent$$0000000C  c_w.l(_printf_x.o)
    0x0800024e   0x00000006   Code   RO         1896    .ARM.Collect$$_printf_percent$$00000014  c_w.l(_printf_s.o)
    0x08000254   0x00000004   Code   RO         2015    .ARM.Collect$$_printf_percent$$00000017  c_w.l(_printf_percent_end.o)
    0x08000258   0x00000002   Code   RO         2187    .ARM.Collect$$libinit$$00000000  c_w.l(libinit.o)
    0x0800025a   0x00000004   Code   RO         2022    .ARM.Collect$$libinit$$00000001  c_w.l(libinit2.o)
    0x0800025e   0x00000000   Code   RO         2025    .ARM.Collect$$libinit$$00000004  c_w.l(libinit2.o)
    0x0800025e   0x00000008   Code   RO         2026    .ARM.Collect$$libinit$$00000005  c_w.l(libinit2.o)
    0x08000266   0x00000000   Code   RO         2028    .ARM.Collect$$libinit$$0000000A  c_w.l(libinit2.o)
    0x08000266   0x00000000   Code   RO         2030    .ARM.Collect$$libinit$$0000000C  c_w.l(libinit2.o)
    0x08000266   0x00000004   Code   RO         2031    .ARM.Collect$$libinit$$0000000D  c_w.l(libinit2.o)
    0x0800026a   0x00000000   Code   RO         2032    .ARM.Collect$$libinit$$0000000E  c_w.l(libinit2.o)
    0x0800026a   0x00000000   Code   RO         2035    .ARM.Collect$$libinit$$00000011  c_w.l(libinit2.o)
    0x0800026a   0x00000000   Code   RO         2037    .ARM.Collect$$libinit$$00000013  c_w.l(libinit2.o)
    0x0800026a   0x00000000   Code   RO         2039    .ARM.Collect$$libinit$$00000015  c_w.l(libinit2.o)
    0x0800026a   0x00000000   Code   RO         2041    .ARM.Collect$$libinit$$00000017  c_w.l(libinit2.o)
    0x0800026a   0x00000000   Code   RO         2043    .ARM.Collect$$libinit$$00000019  c_w.l(libinit2.o)
    0x0800026a   0x00000000   Code   RO         2045    .ARM.Collect$$libinit$$0000001B  c_w.l(libinit2.o)
    0x0800026a   0x00000000   Code   RO         2047    .ARM.Collect$$libinit$$0000001D  c_w.l(libinit2.o)
    0x0800026a   0x00000000   Code   RO         2049    .ARM.Collect$$libinit$$0000001F  c_w.l(libinit2.o)
    0x0800026a   0x00000000   Code   RO         2051    .ARM.Collect$$libinit$$00000021  c_w.l(libinit2.o)
    0x0800026a   0x00000000   Code   RO         2053    .ARM.Collect$$libinit$$00000023  c_w.l(libinit2.o)
    0x0800026a   0x00000000   Code   RO         2055    .ARM.Collect$$libinit$$00000025  c_w.l(libinit2.o)
    0x0800026a   0x00000000   Code   RO         2059    .ARM.Collect$$libinit$$0000002C  c_w.l(libinit2.o)
    0x0800026a   0x00000000   Code   RO         2061    .ARM.Collect$$libinit$$0000002E  c_w.l(libinit2.o)
    0x0800026a   0x00000000   Code   RO         2063    .ARM.Collect$$libinit$$00000030  c_w.l(libinit2.o)
    0x0800026a   0x00000004   Code   RO         2064    .ARM.Collect$$libinit$$00000031  c_w.l(libinit2.o)
    0x0800026e   0x00000000   Code   RO         2065    .ARM.Collect$$libinit$$00000032  c_w.l(libinit2.o)
    0x0800026e   0x00000002   Code   RO         2066    .ARM.Collect$$libinit$$00000033  c_w.l(libinit2.o)
    0x08000270   0x00000002   Code   RO         2240    .ARM.Collect$$libshutdown$$00000000  c_w.l(libshutdown.o)
    0x08000272   0x00000000   Code   RO         2200    .ARM.Collect$$libshutdown$$00000003  c_w.l(libshutdown2.o)
    0x08000272   0x00000000   Code   RO         2203    .ARM.Collect$$libshutdown$$00000006  c_w.l(libshutdown2.o)
    0x08000272   0x00000000   Code   RO         2206    .ARM.Collect$$libshutdown$$00000009  c_w.l(libshutdown2.o)
    0x08000272   0x00000000   Code   RO         2208    .ARM.Collect$$libshutdown$$0000000B  c_w.l(libshutdown2.o)
    0x08000272   0x00000000   Code   RO         2211    .ARM.Collect$$libshutdown$$0000000E  c_w.l(libshutdown2.o)
    0x08000272   0x00000002   Code   RO         2212    .ARM.Collect$$libshutdown$$0000000F  c_w.l(libshutdown2.o)
    0x08000274   0x00000000   Code   RO         1975    .ARM.Collect$$rtentry$$00000000  c_w.l(__rtentry.o)
    0x08000274   0x00000000   Code   RO         2084    .ARM.Collect$$rtentry$$00000002  c_w.l(__rtentry2.o)
    0x08000274   0x00000006   Code   RO         2096    .ARM.Collect$$rtentry$$00000004  c_w.l(__rtentry4.o)
    0x0800027a   0x00000000   Code   RO         2086    .ARM.Collect$$rtentry$$00000009  c_w.l(__rtentry2.o)
    0x0800027a   0x00000004   Code   RO         2087    .ARM.Collect$$rtentry$$0000000A  c_w.l(__rtentry2.o)
    0x0800027e   0x00000000   Code   RO         2089    .ARM.Collect$$rtentry$$0000000C  c_w.l(__rtentry2.o)
    0x0800027e   0x00000008   Code   RO         2090    .ARM.Collect$$rtentry$$0000000D  c_w.l(__rtentry2.o)
    0x08000286   0x00000002   Code   RO         2188    .ARM.Collect$$rtexit$$00000000  c_w.l(rtexit.o)
    0x08000288   0x00000000   Code   RO         2214    .ARM.Collect$$rtexit$$00000002  c_w.l(rtexit2.o)
    0x08000288   0x00000004   Code   RO         2215    .ARM.Collect$$rtexit$$00000003  c_w.l(rtexit2.o)
    0x0800028c   0x00000006   Code   RO         2216    .ARM.Collect$$rtexit$$00000004  c_w.l(rtexit2.o)
    0x08000292   0x00000002   PAD
    0x08000294   0x00000034   Code   RO         1902    .emb_text           c_w.l(rand.o)
    0x080002c8   0x00000000   Code   RO         2110    .emb_text           c_w.l(maybetermalloc1.o)
    0x080002c8   0x00000050   Code   RO            4    .text               startup_stm32f4xx.o
    0x08000318   0x00000174   Code   RO           11    .text               system_stm32f4xx.o
    0x0800048c   0x0000000a   Code   RO          134    .text               maincpp01.o
    0x08000496   0x00000002   PAD
    0x08000498   0x000010a8   Code   RO          370    .text               btest_allsensors_v3.o
    0x08001540   0x00000064   Code   RO          430    .text               stm32f4xx_it.o
    0x080015a4   0x0000157c   Code   RO          501    .text               sdio_sd.o
    0x08002b20   0x0000519a   Code   RO          525    .text               waspxbeecore.o
    0x08007cba   0x00000002   PAD
    0x08007cbc   0x0000012c   Code   RO          685    .text               waspeeprom.o
    0x08007de8   0x000006a4   Code   RO          721    .text               waspflash.o
    0x0800848c   0x000001d4   Code   RO          744    .text               wasppwr.o
    0x08008660   0x000002b4   Code   RO          768    .text               wasprtc.o
    0x08008914   0x00000874   Code   RO          795    .text               waspsd.o
    0x08009188   0x00000128   Code   RO          828    .text               waspsensor.o
    0x080092b0   0x00000456   Code   RO          851    .text               wasputils.o
    0x08009706   0x00000002   PAD
    0x08009708   0x00000158   Code   RO          874    .text               waspxbee802.o
    0x08009860   0x0000011c   Code   RO          899    .text               waspxbee.o
    0x0800997c   0x000001f8   Code   RO         1029    .text               dingke_timer.o
    0x08009b74   0x00000d9c   Code   RO         1049    .text               dingke_uart.o
    0x0800a910   0x00000600   Code   RO         1076    .text               dingke_smbus.o
    0x0800af10   0x00000892   Code   RO         1096    .text               dingke_i2c.o
    0x0800b7a2   0x00000002   PAD
    0x0800b7a4   0x00000188   Code   RO         1128    .text               dingke_spi.o
    0x0800b92c   0x000002c8   Code   RO         1150    .text               dingke_pwr.o
    0x0800bbf4   0x000001c8   Code   RO         1169    .text               dingke_exti.o
    0x0800bdbc   0x000000b4   Code   RO         1191    .text               dingke_delay.o
    0x0800be70   0x00000040   Code   RO         1211    .text               dingke_retarget.o
    0x0800beb0   0x000001f4   Code   RO         1240    .text               dingke_sysclkchange.o
    0x0800c0a4   0x0000008c   Code   RO         1273    .text               dingke_wdg.o
    0x0800c130   0x00000080   Code   RO         1296    .text               stm32f4xx_wwdg.o
    0x0800c1b0   0x000003d0   Code   RO         1312    .text               stm32f4xx_rcc.o
    0x0800c580   0x000001ec   Code   RO         1330    .text               stm32f4xx_gpio.o
    0x0800c76c   0x00000338   Code   RO         1346    .text               stm32f4xx_usart.o
    0x0800caa4   0x000000b0   Code   RO         1362    .text               misc.o
    0x0800cb54   0x000009dc   Code   RO         1378    .text               stm32f4xx_tim.o
    0x0800d530   0x000002f0   Code   RO         1395    .text               stm32f4xx_spi.o
    0x0800d820   0x0000003c   Code   RO         1411    .text               stm32f4xx_iwdg.o
    0x0800d85c   0x000001b8   Code   RO         1427    .text               stm32f4xx_sdio.o
    0x0800da14   0x00000320   Code   RO         1443    .text               stm32f4xx_dma.o
    0x0800dd34   0x000000e8   Code   RO         1459    .text               stm32f4xx_exti.o
    0x0800de1c   0x00000078   Code   RO         1508    .text               stm32f4xx_syscfg.o
    0x0800de94   0x00000236   Code   RO         1524    .text               usbd_core.o
    0x0800e0ca   0x000000b8   Code   RO         1557    .text               usbd_ioreq.o
    0x0800e182   0x00000002   PAD
    0x0800e184   0x00000454   Code   RO         1573    .text               usbd_req.o
    0x0800e5d8   0x00000482   Code   RO         1620    .text               usb_dcd_int.o
    0x0800ea5a   0x00000002   PAD
    0x0800ea5c   0x0000097c   Code   RO         1640    .text               usb_core.o
    0x0800f3d8   0x00000280   Code   RO         1657    .text               usb_dcd.o
    0x0800f658   0x000000e0   Code   RO         1673    .text               usb_bsp.o
    0x0800f738   0x000017a2   Code   RO         1737    .text               ff.o
    0x08010eda   0x00000002   PAD
    0x08010edc   0x000000e0   Code   RO         1756    .text               diskio.o
    0x08010fbc   0x00000002   Code   RO         1773    .text               c_w.l(use_no_semi.o)
    0x08010fbe   0x00000028   Code   RO         1779    .text               c_w.l(calloc.o)
    0x08010fe6   0x0000005e   Code   RO         1781    .text               c_w.l(h1_alloc.o)
    0x08011044   0x0000004e   Code   RO         1783    .text               c_w.l(h1_free.o)
    0x08011092   0x00000002   PAD
    0x08011094   0x00000018   Code   RO         1843    .text               c_w.l(noretval__2printf.o)
    0x080110ac   0x00000028   Code   RO         1845    .text               c_w.l(noretval__2sprintf.o)
    0x080110d4   0x0000004e   Code   RO         1849    .text               c_w.l(_printf_pad.o)
    0x08011122   0x00000052   Code   RO         1851    .text               c_w.l(_printf_str.o)
    0x08011174   0x00000078   Code   RO         1853    .text               c_w.l(_printf_dec.o)
    0x080111ec   0x00000058   Code   RO         1858    .text               c_w.l(_printf_hex_int.o)
    0x08011244   0x00000138   Code   RO         1888    .text               c_w.l(__printf_flags_wp.o)
    0x0801137c   0x0000003c   Code   RO         1903    .text               c_w.l(rand.o)
    0x080113b8   0x00000024   Code   RO         1907    .text               c_w.l(strncat.o)
    0x080113dc   0x0000003e   Code   RO         1909    .text               c_w.l(strlen.o)
    0x0801141a   0x00000096   Code   RO         1911    .text               c_w.l(strncmp.o)
    0x080114b0   0x00000018   Code   RO         1913    .text               c_w.l(strcat.o)
    0x080114c8   0x00000044   Code   RO         1917    .text               c_w.l(rt_memclr.o)
    0x0801150c   0x00000080   Code   RO         1919    .text               c_w.l(strcmpv7m.o)
    0x0801158c   0x00000006   Code   RO         1921    .text               c_w.l(heapauxi.o)
    0x08011592   0x00000002   PAD
    0x08011594   0x00000024   Code   RO         1928    .text               c_w.l(init_aeabi.o)
    0x080115b8   0x00000008   Code   RO         1979    .text               c_w.l(rt_heap_descriptor_intlibspace.o)
    0x080115c0   0x00000004   Code   RO         1981    .text               c_w.l(hguard.o)
    0x080115c4   0x0000008a   Code   RO         1983    .text               c_w.l(init_alloc.o)
    0x0801164e   0x0000000e   Code   RO         1987    .text               c_w.l(h1_init.o)
    0x0801165c   0x00000016   Code   RO         2001    .text               c_w.l(_rserrno.o)
    0x08011672   0x000000b2   Code   RO         2003    .text               c_w.l(_printf_intcommon.o)
    0x08011724   0x00000030   Code   RO         2007    .text               c_w.l(_printf_char_common.o)
    0x08011754   0x0000000a   Code   RO         2009    .text               c_w.l(_sputc.o)
    0x0801175e   0x0000002c   Code   RO         2011    .text               c_w.l(_printf_char.o)
    0x0801178a   0x00000002   PAD
    0x0801178c   0x00000024   Code   RO         2013    .text               c_w.l(_printf_char_file.o)
    0x080117b0   0x0000004e   Code   RO         2018    .text               c_w.l(rt_memclr_w.o)
    0x080117fe   0x00000002   PAD
    0x08011800   0x00000008   Code   RO         2080    .text               c_w.l(libspace.o)
    0x08011808   0x00000008   Code   RO         2106    .text               c_w.l(rt_errno_addr_intlibspace.o)
    0x08011810   0x00000034   Code   RO         2112    .text               c_w.l(h1_extend.o)
    0x08011844   0x0000000e   Code   RO         2150    .text               c_w.l(defsig_rtmem_outer.o)
    0x08011852   0x0000004a   Code   RO         2166    .text               c_w.l(sys_stackheap_outer.o)
    0x0801189c   0x0000000c   Code   RO         2172    .text               c_w.l(exit.o)
    0x080118a8   0x0000000a   Code   RO         2174    .text               c_w.l(defsig_exit.o)
    0x080118b2   0x00000002   PAD
    0x080118b4   0x00000050   Code   RO         2176    .text               c_w.l(defsig_rtmem_inner.o)
    0x08011904   0x00000032   Code   RO         2196    .text               c_w.l(defsig_general.o)
    0x08011936   0x0000003a   Code   RO         1961    i.__hardfp_sqrtf    m_wm.l(sqrtf.o)
    0x08011970   0x0000000e   Code   RO         1886    i._is_digit         c_w.l(__printf_wp.o)
    0x0801197e   0x00000002   PAD
    0x08011980   0x00000062   Code   RO         1931    x$fpl$d2f           fz_wm.l(d2f.o)
    0x080119e2   0x00000002   PAD
    0x080119e4   0x00000150   Code   RO         1933    x$fpl$dadd          fz_wm.l(daddsub_clz.o)
    0x08011b34   0x0000005e   Code   RO         1941    x$fpl$dfix          fz_wm.l(dfix.o)
    0x08011b92   0x0000002e   Code   RO         1950    x$fpl$dflt          fz_wm.l(dflt_clz.o)
    0x08011bc0   0x00000026   Code   RO         1949    x$fpl$dfltu         fz_wm.l(dflt_clz.o)
    0x08011be6   0x00000002   PAD
    0x08011be8   0x00000154   Code   RO         1955    x$fpl$dmul          fz_wm.l(dmul.o)
    0x08011d3c   0x0000009c   Code   RO         2069    x$fpl$dnaninf       fz_wm.l(dnaninf.o)
    0x08011dd8   0x0000000c   Code   RO         2071    x$fpl$dretinf       fz_wm.l(dretinf.o)
    0x08011de4   0x000001d4   Code   RO         1935    x$fpl$dsub          fz_wm.l(daddsub_clz.o)
    0x08011fb8   0x0000000a   Code   RO         2159    x$fpl$fpinit        fz_wm.l(fpinit.o)
    0x08011fc2   0x0000000a   Code   RO         2075    x$fpl$fretinf       fz_wm.l(fretinf.o)
    0x08011fcc   0x00000000   Code   RO         2077    x$fpl$usenofp       fz_wm.l(usenofp.o)
    0x08011fcc   0x0000002a   Data   RO         1098    .constdata          dingke_i2c.o
    0x08011ff6   0x00000028   Data   RO         1859    .constdata          c_w.l(_printf_hex_int.o)
    0x0801201e   0x00000011   Data   RO         1889    .constdata          c_w.l(__printf_flags_wp.o)
    0x0801202f   0x00000001   PAD
    0x08012030   0x00000020   Data   RO         2241    Region$$Table       anon$$obj.o
    0x08012050   0x00000004   Data   RO          688    .init_array         waspeeprom.o
    0x08012054   0x00000004   Data   RO          724    .init_array         waspflash.o
    0x08012058   0x00000004   Data   RO          747    .init_array         wasppwr.o
    0x0801205c   0x00000004   Data   RO          772    .init_array         wasprtc.o
    0x08012060   0x00000004   Data   RO          798    .init_array         waspsd.o
    0x08012064   0x00000004   Data   RO          831    .init_array         waspsensor.o
    0x08012068   0x00000004   Data   RO          854    .init_array         wasputils.o
    0x0801206c   0x00000004   Data   RO          877    .init_array         waspxbee802.o
    0x08012070   0x00000004   Data   RO          902    .init_array         waspxbee.o
    0x08012074   0x00000000   Data   RO         1926    .init_array         c_w.l(init_aeabi.o)


    Execution Region RW_IRAM1 (Base: 0x20000000, Size: 0x0000c9a0, Max: 0x00020000, ABSOLUTE, COMPRESSED[0x00000060])

    Base Addr    Size         Type   Attr      Idx    E Section Name        Object

    0x20000000   0x00000014   Data   RW           12    .data               system_stm32f4xx.o
    0x20000014   0x0000006a   Data   RW          378    .data               btest_allsensors_v3.o
    0x2000007e   0x00000002   PAD
    0x20000080   0x00000004   Data   RW          432    .data               stm32f4xx_it.o
    0x20000084   0x00000018   Data   RW          503    .data               sdio_sd.o
    0x2000009c   0x0000000c   Data   RW          528    .data               waspxbeecore.o
    0x200000a8   0x00000001   Data   RW          687    .data               waspeeprom.o
    0x200000a9   0x00000001   Data   RW          853    .data               wasputils.o
    0x200000aa   0x00000001   Data   RW          901    .data               waspxbee.o
    0x200000ab   0x00000001   PAD
    0x200000ac   0x00000008   Data   RW         1030    .data               dingke_timer.o
    0x200000b4   0x00000054   Data   RW         1051    .data               dingke_uart.o
    0x20000108   0x0000000f   Data   RW         1077    .data               dingke_smbus.o
    0x20000117   0x00000001   PAD
    0x20000118   0x00000010   Data   RW         1099    .data               dingke_i2c.o
    0x20000128   0x00000008   Data   RW         1130    .data               dingke_spi.o
    0x20000130   0x00000002   Data   RW         1170    .data               dingke_exti.o
    0x20000132   0x00000002   PAD
    0x20000134   0x00000004   Data   RW         1212    .data               dingke_retarget.o
    0x20000138   0x00000004   Data   RW         1213    .data               dingke_retarget.o
    0x2000013c   0x00000020   Data   RW         1241    .data               dingke_sysclkchange.o
    0x2000015c   0x00000010   Data   RW         1313    .data               stm32f4xx_rcc.o
    0x2000016c   0x0000002c   Data   RW         1525    .data               usbd_core.o
    0x20000198   0x00000004   Data   RW         1526    .data               usbd_core.o
    0x2000019c   0x00000010   Data   RW         1575    .data               usbd_req.o
    0x200001ac   0x00000008   Data   RW         1738    .data               ff.o
    0x200001b4   0x00000846   Zero   RW          373    .bss                btest_allsensors_v3.o
    0x200009fa   0x00000002   PAD
    0x200009fc   0x000000c4   Zero   RW          502    .bss                sdio_sd.o
    0x20000ac0   0x000006cc   Zero   RW          527    .bss                waspxbeecore.o
    0x2000118c   0x00001208   Zero   RW          723    .bss                waspflash.o
    0x20002394   0x00000004   PAD
    0x20002398   0x00000928   Zero   RW          797    .bss                waspsd.o
    0x20002cc0   0x0000030c   Zero   RW          876    .bss                waspxbee802.o
    0x20002fcc   0x000005f0   Zero   RW          923    .bss                test_usb.o
    0x200035bc   0x00004650   Zero   RW         1050    .bss                dingke_uart.o
    0x20007c0c   0x0000003c   Zero   RW         1097    .bss                dingke_i2c.o
    0x20007c48   0x00000012   Zero   RW         1129    .bss                dingke_spi.o
    0x20007c5a   0x00000002   PAD
    0x20007c5c   0x000000e4   Zero   RW         1904    .bss                c_w.l(rand.o)
    0x20007d40   0x00000060   Zero   RW         2081    .bss                c_w.l(libspace.o)
    0x20007da0   0x00004800   Zero   RW            2    HEAP                startup_stm32f4xx.o
    0x2000c5a0   0x00000400   Zero   RW            1    STACK               startup_stm32f4xx.o

